Archive member included because of file (symbol)

c:/program files (x86)/microchip/xc32/v1.44/bin/bin/../../lib/gcc/pic32mx/4.8.3/../../../../pic32mx/lib\libpic32.a(default-bootstrap-exception-handler.o)
                              c:/program files (x86)/microchip/xc32/v1.44/bin/bin/../../lib/gcc/pic32mx/4.8.3/../../../../pic32mx/lib/./proc/32MX795F512H/crt0_mips32r2.o (_bootstrap_exception_handler)
c:/program files (x86)/microchip/xc32/v1.44/bin/bin/../../lib/gcc/pic32mx/4.8.3/../../../../pic32mx/lib\libpic32.a(default-on-reset.o)
                              c:/program files (x86)/microchip/xc32/v1.44/bin/bin/../../lib/gcc/pic32mx/4.8.3/../../../../pic32mx/lib/./proc/32MX795F512H/crt0_mips32r2.o (_on_reset)
c:/program files (x86)/microchip/xc32/v1.44/bin/bin/../../lib/gcc/pic32mx/4.8.3/../../../../pic32mx/lib\libpic32.a(default-on-bootstrap.o)
                              c:/program files (x86)/microchip/xc32/v1.44/bin/bin/../../lib/gcc/pic32mx/4.8.3/../../../../pic32mx/lib/./proc/32MX795F512H/crt0_mips32r2.o (_on_bootstrap)
c:/program files (x86)/microchip/xc32/v1.44/bin/bin/../../lib/gcc/pic32mx/4.8.3/../../../../pic32mx/lib\libpic32.a(default-nmi-handler.o)
                              c:/program files (x86)/microchip/xc32/v1.44/bin/bin/../../lib/gcc/pic32mx/4.8.3/../../../../pic32mx/lib/./proc/32MX795F512H/crt0_mips32r2.o (_nmi_handler)
c:/program files (x86)/microchip/xc32/v1.44/bin/bin/../../lib/gcc/pic32mx/4.8.3/../../../../pic32mx/lib\libpic32.a(general-exception.o)
                              c:/program files (x86)/microchip/xc32/v1.44/bin/bin/../../lib/gcc/pic32mx/4.8.3/../../../../pic32mx/lib/./proc/32MX795F512H/crt0_mips32r2.o (_general_exception_context)
c:/program files (x86)/microchip/xc32/v1.44/bin/bin/../../lib/gcc/pic32mx/4.8.3/../../../../pic32mx/lib\libpic32.a(vector0.o)
                              c:/program files (x86)/microchip/xc32/v1.44/bin/bin/../../lib/gcc/pic32mx/4.8.3/../../../../pic32mx/lib/./proc/32MX795F512H\default_isr_vectors.o (__vector_dispatch_0)
c:/program files (x86)/microchip/xc32/v1.44/bin/bin/../../lib/gcc/pic32mx/4.8.3/../../../../pic32mx/lib\libpic32.a(vector1.o)
                              c:/program files (x86)/microchip/xc32/v1.44/bin/bin/../../lib/gcc/pic32mx/4.8.3/../../../../pic32mx/lib/./proc/32MX795F512H\default_isr_vectors.o (__vector_dispatch_1)
c:/program files (x86)/microchip/xc32/v1.44/bin/bin/../../lib/gcc/pic32mx/4.8.3/../../../../pic32mx/lib\libpic32.a(vector2.o)
                              c:/program files (x86)/microchip/xc32/v1.44/bin/bin/../../lib/gcc/pic32mx/4.8.3/../../../../pic32mx/lib/./proc/32MX795F512H\default_isr_vectors.o (__vector_dispatch_2)
c:/program files (x86)/microchip/xc32/v1.44/bin/bin/../../lib/gcc/pic32mx/4.8.3/../../../../pic32mx/lib\libpic32.a(vector3.o)
                              c:/program files (x86)/microchip/xc32/v1.44/bin/bin/../../lib/gcc/pic32mx/4.8.3/../../../../pic32mx/lib/./proc/32MX795F512H\default_isr_vectors.o (__vector_dispatch_3)
c:/program files (x86)/microchip/xc32/v1.44/bin/bin/../../lib/gcc/pic32mx/4.8.3/../../../../pic32mx/lib\libpic32.a(vector4.o)
                              c:/program files (x86)/microchip/xc32/v1.44/bin/bin/../../lib/gcc/pic32mx/4.8.3/../../../../pic32mx/lib/./proc/32MX795F512H\default_isr_vectors.o (__vector_dispatch_4)
c:/program files (x86)/microchip/xc32/v1.44/bin/bin/../../lib/gcc/pic32mx/4.8.3/../../../../pic32mx/lib\libpic32.a(vector5.o)
                              c:/program files (x86)/microchip/xc32/v1.44/bin/bin/../../lib/gcc/pic32mx/4.8.3/../../../../pic32mx/lib/./proc/32MX795F512H\default_isr_vectors.o (__vector_dispatch_5)
c:/program files (x86)/microchip/xc32/v1.44/bin/bin/../../lib/gcc/pic32mx/4.8.3/../../../../pic32mx/lib\libpic32.a(vector6.o)
                              c:/program files (x86)/microchip/xc32/v1.44/bin/bin/../../lib/gcc/pic32mx/4.8.3/../../../../pic32mx/lib/./proc/32MX795F512H\default_isr_vectors.o (__vector_dispatch_6)
c:/program files (x86)/microchip/xc32/v1.44/bin/bin/../../lib/gcc/pic32mx/4.8.3/../../../../pic32mx/lib\libpic32.a(vector7.o)
                              c:/program files (x86)/microchip/xc32/v1.44/bin/bin/../../lib/gcc/pic32mx/4.8.3/../../../../pic32mx/lib/./proc/32MX795F512H\default_isr_vectors.o (__vector_dispatch_7)
c:/program files (x86)/microchip/xc32/v1.44/bin/bin/../../lib/gcc/pic32mx/4.8.3/../../../../pic32mx/lib\libpic32.a(vector8.o)
                              c:/program files (x86)/microchip/xc32/v1.44/bin/bin/../../lib/gcc/pic32mx/4.8.3/../../../../pic32mx/lib/./proc/32MX795F512H\default_isr_vectors.o (__vector_dispatch_8)
c:/program files (x86)/microchip/xc32/v1.44/bin/bin/../../lib/gcc/pic32mx/4.8.3/../../../../pic32mx/lib\libpic32.a(vector9.o)
                              c:/program files (x86)/microchip/xc32/v1.44/bin/bin/../../lib/gcc/pic32mx/4.8.3/../../../../pic32mx/lib/./proc/32MX795F512H\default_isr_vectors.o (__vector_dispatch_9)
[...]
Memory Configuration

Name             Origin             Length             Attributes
exception_mem    0x9d000000         0x00001000
kseg0_boot_mem   0x9d001000         0x00000970
kseg1_boot_mem   0xbd001970         0x00000490
kseg0_program_mem 0x9d001e00         0x0007e200         xr
debug_exec_mem   0xbfc02000         0x00000ff0
config3          0xbfc02ff0         0x00000004
config2          0xbfc02ff4         0x00000004
config1          0xbfc02ff8         0x00000004
config0          0xbfc02ffc         0x00000004
configsfrs       0xbfc02ff0         0x00000010
sfrs             0xbf800000         0x00100000
kseg1_data_mem   0xa0000000         0x00020000         w !x
*default*        0x00000000         0xffffffff

Linker script and memory map

LOAD c:/program files (x86)/microchip/xc32/v1.44/bin/bin/../../lib/gcc/pic32mx/4.8.3/../../../../pic32mx/lib/./proc/32MX795F512H/crt0_mips32r2.o
LOAD c:/program files (x86)/microchip/xc32/v1.44/bin/bin/../../lib/gcc/pic32mx/4.8.3/../../../../pic32mx/lib\debug-exception-return.o
LOAD control.o
LOAD NU32.o
LOAD main.o
LOAD helpers.o
LOAD interrupts.o
LOAD dsp.o
                0x00000400                PROVIDE (_min_stack_size, 0x400)
                0x00000000                PROVIDE (_min_heap_size, 0x0)
LOAD c:/program files (x86)/microchip/xc32/v1.44/bin/bin/../../lib/gcc/pic32mx/4.8.3/../../../../pic32mx/lib/./proc/32MX795F512H\processor.o
                0x00000001                PROVIDE (_vector_spacing, 0x1)
                0x9d000000                _ebase_address = 0x9d000000
                0xbd001970                _RESET_ADDR = 0xbd001970
                0xbd001cf0                _BEV_EXCPT_ADDR = 0xbd001cf0
                0xbd001df0                _DBG_EXCPT_ADDR = 0xbd001df0
                0xbfc02000                _DBG_CODE_ADDR = 0xbfc02000
                0x00000ff0                _DBG_CODE_SIZE = 0xff0
                0x9d000180                _GEN_EXCPT_ADDR = (_ebase_address + 0x180)

.config_BFC02FF0
                0xbfc02ff0        0x4
 *(.config_BFC02FF0)
 .config_BFC02FF0
                0xbfc02ff0        0x4 NU32.o

.config_BFC02FF4
                0xbfc02ff4        0x4
 *(.config_BFC02FF4)
 .config_BFC02FF4
                0xbfc02ff4        0x4 NU32.o

.config_BFC02FF8
                0xbfc02ff8        0x4
 *(.config_BFC02FF8)
 .config_BFC02FF8
                0xbfc02ff8        0x4 NU32.o

.config_BFC02FFC
                0xbfc02ffc        0x4
 *(.config_BFC02FFC)
 .config_BFC02FFC
                0xbfc02ffc        0x4 NU32.o
                0xbfc02000                PROVIDE (_DBG_CODE_ADDR, 0xbfc02000)
                0x00000ff0                PROVIDE (_DBG_CODE_SIZE, 0xff0)

.reset          0xbd001970      0x208
 *(.reset)
 .reset         0xbd001970        0x8 c:/program files (x86)/microchip/xc32/v1.44/bin/bin/../../lib/gcc/pic32mx/4.8.3/../../../../pic32mx/lib/./proc/32MX795F512H/crt0_mips32r2.o
                0xbd001970                _reset
 *(.reset.startup)
 .reset.startup
                0xbd001978      0x200 c:/program files (x86)/microchip/xc32/v1.44/bin/bin/../../lib/gcc/pic32mx/4.8.3/../../../../pic32mx/lib/./proc/32MX795F512H/crt0_mips32r2.o
                0xbd001978                _startup

.bev_excpt      0xbd001cf0       0x10
 *(.bev_handler)
 .bev_handler   0xbd001cf0       0x10 c:/program files (x86)/microchip/xc32/v1.44/bin/bin/../../lib/gcc/pic32mx/4.8.3/../../../../pic32mx/lib/./proc/32MX795F512H/crt0_mips32r2.o

.dbg_excpt      0xbd001df0        0x0
                0xbd001df0                . = (. + DEFINED (_DEBUGGER)?0x8:0x0)

.dbg_code       0xbfc02000        0x0
                0xbfc02000                . = (. + DEFINED (_DEBUGGER)?_DBG_CODE_SIZE:0x0)

.app_excpt      0x9d000180       0x10
 *(.gen_handler)
 .gen_handler   0x9d000180       0x10 c:/program files (x86)/microchip/xc32/v1.44/bin/bin/../../lib/gcc/pic32mx/4.8.3/../../../../pic32mx/lib/./proc/32MX795F512H/crt0_mips32r2.o

.vector_0       0x9d000200        0x8
 *(.vector_0)
 .vector_0      0x9d000200        0x8 c:/program files (x86)/microchip/xc32/v1.44/bin/bin/../../lib/gcc/pic32mx/4.8.3/../../../../pic32mx/lib\libpic32.a(vector0.o)
                0x9d000200                __vector_dispatch_0
                0x00000001                ASSERT (((_vector_spacing == 0x0) || (SIZEOF (.vector_0) <= (_vector_spacing << 0x5))), function at exception vector 0 too large)

.vector_1       0x9d000220        0x8
 *(.vector_1)
 .vector_1      0x9d000220        0x8 c:/program files (x86)/microchip/xc32/v1.44/bin/bin/../../lib/gcc/pic32mx/4.8.3/../../../../pic32mx/lib\libpic32.a(vector1.o)
                0x9d000220                __vector_dispatch_1
                0x00000001                ASSERT (((_vector_spacing == 0x0) || (SIZEOF (.vector_1) <= (_vector_spacing << 0x5))), function at exception vector 1 too large)

.vector_2       0x9d000240        0x8
 *(.vector_2)
 .vector_2      0x9d000240        0x8 c:/program files (x86)/microchip/xc32/v1.44/bin/bin/../../lib/gcc/pic32mx/4.8.3/../../../../pic32mx/lib\libpic32.a(vector2.o)
                0x9d000240                __vector_dispatch_2
                0x00000001                ASSERT (((_vector_spacing == 0x0) || (SIZEOF (.vector_2) <= (_vector_spacing << 0x5))), function at exception vector 2 too large)

.vector_3       0x9d000260        0x8
 *(.vector_3)
 .vector_3      0x9d000260        0x8 c:/program files (x86)/microchip/xc32/v1.44/bin/bin/../../lib/gcc/pic32mx/4.8.3/../../../../pic32mx/lib\libpic32.a(vector3.o)
                0x9d000260                __vector_dispatch_3
                0x00000001                ASSERT (((_vector_spacing == 0x0) || (SIZEOF (.vector_3) <= (_vector_spacing << 0x5))), function at exception vector 3 too large)

.vector_4       0x9d000280        0x8
 *(.vector_4)
 .vector_4      0x9d000280        0x8 c:/program files (x86)/microchip/xc32/v1.44/bin/bin/../../lib/gcc/pic32mx/4.8.3/../../../../pic32mx/lib\libpic32.a(vector4.o)
                0x9d000280                __vector_dispatch_4
                0x00000001                ASSERT (((_vector_spacing == 0x0) || (SIZEOF (.vector_4) <= (_vector_spacing << 0x5))), function at exception vector 4 too large)

.vector_5       0x9d0002a0        0x8
 *(.vector_5)
 .vector_5      0x9d0002a0        0x8 c:/program files (x86)/microchip/xc32/v1.44/bin/bin/../../lib/gcc/pic32mx/4.8.3/../../../../pic32mx/lib\libpic32.a(vector5.o)
                0x9d0002a0                __vector_dispatch_5
                0x00000001                ASSERT (((_vector_spacing == 0x0) || (SIZEOF (.vector_5) <= (_vector_spacing << 0x5))), function at exception vector 5 too large)

.vector_6       0x9d0002c0        0x8
 *(.vector_6)
 .vector_6      0x9d0002c0        0x8 c:/program files (x86)/microchip/xc32/v1.44/bin/bin/../../lib/gcc/pic32mx/4.8.3/../../../../pic32mx/lib\libpic32.a(vector6.o)
                0x9d0002c0                __vector_dispatch_6
                0x00000001                ASSERT (((_vector_spacing == 0x0) || (SIZEOF (.vector_6) <= (_vector_spacing << 0x5))), function at exception vector 6 too large)

.vector_7       0x9d0002e0        0x8
 *(.vector_7)
 .vector_7      0x9d0002e0        0x8 c:/program files (x86)/microchip/xc32/v1.44/bin/bin/../../lib/gcc/pic32mx/4.8.3/../../../../pic32mx/lib\libpic32.a(vector7.o)
                0x9d0002e0                __vector_dispatch_7
                0x00000001                ASSERT (((_vector_spacing == 0x0) || (SIZEOF (.vector_7) <= (_vector_spacing << 0x5))), function at exception vector 7 too large)

.vector_8       0x9d000300        0x8
 *(.vector_8)
 .vector_8      0x9d000300        0x8 c:/program files (x86)/microchip/xc32/v1.44/bin/bin/../../lib/gcc/pic32mx/4.8.3/../../../../pic32mx/lib\libpic32.a(vector8.o)
                0x9d000300                __vector_dispatch_8
                0x00000001                ASSERT (((_vector_spacing == 0x0) || (SIZEOF (.vector_8) <= (_vector_spacing << 0x5))), function at exception vector 8 too large)

.vector_9       0x9d000320        0x8
 *(.vector_9)
 .vector_9      0x9d000320        0x8 c:/program files (x86)/microchip/xc32/v1.44/bin/bin/../../lib/gcc/pic32mx/4.8.3/../../../../pic32mx/lib\libpic32.a(vector9.o)
                0x9d000320                __vector_dispatch_9
                0x00000001                ASSERT (((_vector_spacing == 0x0) || (SIZEOF (.vector_9) <= (_vector_spacing << 0x5))), function at exception vector 9 too large)

.vector_10      0x9d000340        0x8
 *(.vector_10)
 .vector_10     0x9d000340        0x8 c:/program files (x86)/microchip/xc32/v1.44/bin/bin/../../lib/gcc/pic32mx/4.8.3/../../../../pic32mx/lib\libpic32.a(vector10.o)
                0x9d000340                __vector_dispatch_10
                0x00000001                ASSERT (((_vector_spacing == 0x0) || (SIZEOF (.vector_10) <= (_vector_spacing << 0x5))), function at exception vector 10 too large)

.vector_11      0x9d000360        0x8
 *(.vector_11)
 .vector_11     0x9d000360        0x8 c:/program files (x86)/microchip/xc32/v1.44/bin/bin/../../lib/gcc/pic32mx/4.8.3/../../../../pic32mx/lib\libpic32.a(vector11.o)
                0x9d000360                __vector_dispatch_11
                0x00000001                ASSERT (((_vector_spacing == 0x0) || (SIZEOF (.vector_11) <= (_vector_spacing << 0x5))), function at exception vector 11 too large)

.vector_12      0x9d000380        0x8
 *(.vector_12)
 .vector_12     0x9d000380        0x8 c:/program files (x86)/microchip/xc32/v1.44/bin/bin/../../lib/gcc/pic32mx/4.8.3/../../../../pic32mx/lib\libpic32.a(vector12.o)
                0x9d000380                __vector_dispatch_12
                0x00000001                ASSERT (((_vector_spacing == 0x0) || (SIZEOF (.vector_12) <= (_vector_spacing << 0x5))), function at exception vector 12 too large)

.vector_13      0x9d0003a0        0x8
 *(.vector_13)
 .vector_13     0x9d0003a0        0x8 c:/program files (x86)/microchip/xc32/v1.44/bin/bin/../../lib/gcc/pic32mx/4.8.3/../../../../pic32mx/lib\libpic32.a(vector13.o)
                0x9d0003a0                __vector_dispatch_13
                0x00000001                ASSERT (((_vector_spacing == 0x0) || (SIZEOF (.vector_13) <= (_vector_spacing << 0x5))), function at exception vector 13 too large)

.vector_14      0x9d0003c0        0x8
 *(.vector_14)
 .vector_14     0x9d0003c0        0x8 c:/program files (x86)/microchip/xc32/v1.44/bin/bin/../../lib/gcc/pic32mx/4.8.3/../../../../pic32mx/lib\libpic32.a(vector14.o)
                0x9d0003c0                __vector_dispatch_14
                0x00000001                ASSERT (((_vector_spacing == 0x0) || (SIZEOF (.vector_14) <= (_vector_spacing << 0x5))), function at exception vector 14 too large)

.vector_15      0x9d0003e0        0x8
 *(.vector_15)
 .vector_15     0x9d0003e0        0x8 c:/program files (x86)/microchip/xc32/v1.44/bin/bin/../../lib/gcc/pic32mx/4.8.3/../../../../pic32mx/lib\libpic32.a(vector15.o)
                0x9d0003e0                __vector_dispatch_15
                0x00000001                ASSERT (((_vector_spacing == 0x0) || (SIZEOF (.vector_15) <= (_vector_spacing << 0x5))), function at exception vector 15 too large)

.vector_16      0x9d000400        0x8
 *(.vector_16)
 .vector_16     0x9d000400        0x8 interrupts.o
                0x9d000400                __vector_dispatch_16
                0x00000001                ASSERT (((_vector_spacing == 0x0) || (SIZEOF (.vector_16) <= (_vector_spacing << 0x5))), function at exception vector 16 too large)

.vector_17      0x9d000420        0x8
 *(.vector_17)
 .vector_17     0x9d000420        0x8 c:/program files (x86)/microchip/xc32/v1.44/bin/bin/../../lib/gcc/pic32mx/4.8.3/../../../../pic32mx/lib\libpic32.a(vector17.o)
                0x9d000420                __vector_dispatch_17
                0x00000001                ASSERT (((_vector_spacing == 0x0) || (SIZEOF (.vector_17) <= (_vector_spacing << 0x5))), function at exception vector 17 too large)

.vector_18      0x9d000440        0x8
 *(.vector_18)
 .vector_18     0x9d000440        0x8 c:/program files (x86)/microchip/xc32/v1.44/bin/bin/../../lib/gcc/pic32mx/4.8.3/../../../../pic32mx/lib\libpic32.a(vector18.o)
                0x9d000440                __vector_dispatch_18
                0x00000001                ASSERT (((_vector_spacing == 0x0) || (SIZEOF (.vector_18) <= (_vector_spacing << 0x5))), function at exception vector 18 too large)

.vector_19      0x9d000460        0x8
 *(.vector_19)
 .vector_19     0x9d000460        0x8 c:/program files (x86)/microchip/xc32/v1.44/bin/bin/../../lib/gcc/pic32mx/4.8.3/../../../../pic32mx/lib\libpic32.a(vector19.o)
                0x9d000460                __vector_dispatch_19
                0x00000001                ASSERT (((_vector_spacing == 0x0) || (SIZEOF (.vector_19) <= (_vector_spacing << 0x5))), function at exception vector 19 too large)

.vector_20      0x9d000480        0x8
 *(.vector_20)
 .vector_20     0x9d000480        0x8 c:/program files (x86)/microchip/xc32/v1.44/bin/bin/../../lib/gcc/pic32mx/4.8.3/../../../../pic32mx/lib\libpic32.a(vector20.o)
                0x9d000480                __vector_dispatch_20
                0x00000001                ASSERT (((_vector_spacing == 0x0) || (SIZEOF (.vector_20) <= (_vector_spacing << 0x5))), function at exception vector 20 too large)

.vector_21      0x9d0004a0        0x8
 *(.vector_21)
 .vector_21     0x9d0004a0        0x8 c:/program files (x86)/microchip/xc32/v1.44/bin/bin/../../lib/gcc/pic32mx/4.8.3/../../../../pic32mx/lib\libpic32.a(vector21.o)
                0x9d0004a0                __vector_dispatch_21
                0x00000001                ASSERT (((_vector_spacing == 0x0) || (SIZEOF (.vector_21) <= (_vector_spacing << 0x5))), function at exception vector 21 too large)

.vector_22      0x9d0004c0        0x8
 *(.vector_22)
 .vector_22     0x9d0004c0        0x8 c:/program files (x86)/microchip/xc32/v1.44/bin/bin/../../lib/gcc/pic32mx/4.8.3/../../../../pic32mx/lib\libpic32.a(vector22.o)
                0x9d0004c0                __vector_dispatch_22
                0x00000001                ASSERT (((_vector_spacing == 0x0) || (SIZEOF (.vector_22) <= (_vector_spacing << 0x5))), function at exception vector 22 too large)

.vector_23      0x9d0004e0        0x8
 *(.vector_23)
 .vector_23     0x9d0004e0        0x8 c:/program files (x86)/microchip/xc32/v1.44/bin/bin/../../lib/gcc/pic32mx/4.8.3/../../../../pic32mx/lib\libpic32.a(vector23.o)
                0x9d0004e0                __vector_dispatch_23
                0x00000001                ASSERT (((_vector_spacing == 0x0) || (SIZEOF (.vector_23) <= (_vector_spacing << 0x5))), function at exception vector 23 too large)

.vector_24      0x9d000500        0x8
 *(.vector_24)
 .vector_24     0x9d000500        0x8 c:/program files (x86)/microchip/xc32/v1.44/bin/bin/../../lib/gcc/pic32mx/4.8.3/../../../../pic32mx/lib\libpic32.a(vector24.o)
                0x9d000500                __vector_dispatch_24
                0x00000001                ASSERT (((_vector_spacing == 0x0) || (SIZEOF (.vector_24) <= (_vector_spacing << 0x5))), function at exception vector 24 too large)

.vector_25      0x9d000520        0x8
 *(.vector_25)
 .vector_25     0x9d000520        0x8 c:/program files (x86)/microchip/xc32/v1.44/bin/bin/../../lib/gcc/pic32mx/4.8.3/../../../../pic32mx/lib\libpic32.a(vector25.o)
                0x9d000520                __vector_dispatch_25
                0x00000001                ASSERT (((_vector_spacing == 0x0) || (SIZEOF (.vector_25) <= (_vector_spacing << 0x5))), function at exception vector 25 too large)

.vector_26      0x9d000540        0x8
 *(.vector_26)
 .vector_26     0x9d000540        0x8 c:/program files (x86)/microchip/xc32/v1.44/bin/bin/../../lib/gcc/pic32mx/4.8.3/../../../../pic32mx/lib\libpic32.a(vector26.o)
                0x9d000540                __vector_dispatch_26
                0x00000001                ASSERT (((_vector_spacing == 0x0) || (SIZEOF (.vector_26) <= (_vector_spacing << 0x5))), function at exception vector 26 too large)

.vector_27      0x9d000560        0x8
 *(.vector_27)
 .vector_27     0x9d000560        0x8 c:/program files (x86)/microchip/xc32/v1.44/bin/bin/../../lib/gcc/pic32mx/4.8.3/../../../../pic32mx/lib\libpic32.a(vector27.o)
                0x9d000560                __vector_dispatch_27
                0x00000001                ASSERT (((_vector_spacing == 0x0) || (SIZEOF (.vector_27) <= (_vector_spacing << 0x5))), function at exception vector 27 too large)

.vector_28      0x9d000580        0x8
 *(.vector_28)
 .vector_28     0x9d000580        0x8 c:/program files (x86)/microchip/xc32/v1.44/bin/bin/../../lib/gcc/pic32mx/4.8.3/../../../../pic32mx/lib\libpic32.a(vector28.o)
                0x9d000580                __vector_dispatch_28
                0x00000001                ASSERT (((_vector_spacing == 0x0) || (SIZEOF (.vector_28) <= (_vector_spacing << 0x5))), function at exception vector 28 too large)

.vector_29      0x9d0005a0        0x8
 *(.vector_29)
 .vector_29     0x9d0005a0        0x8 c:/program files (x86)/microchip/xc32/v1.44/bin/bin/../../lib/gcc/pic32mx/4.8.3/../../../../pic32mx/lib\libpic32.a(vector29.o)
                0x9d0005a0                __vector_dispatch_29
                0x00000001                ASSERT (((_vector_spacing == 0x0) || (SIZEOF (.vector_29) <= (_vector_spacing << 0x5))), function at exception vector 29 too large)

.vector_30      0x9d0005c0        0x8
 *(.vector_30)
 .vector_30     0x9d0005c0        0x8 c:/program files (x86)/microchip/xc32/v1.44/bin/bin/../../lib/gcc/pic32mx/4.8.3/../../../../pic32mx/lib\libpic32.a(vector30.o)
                0x9d0005c0                __vector_dispatch_30
                0x00000001                ASSERT (((_vector_spacing == 0x0) || (SIZEOF (.vector_30) <= (_vector_spacing << 0x5))), function at exception vector 30 too large)

.vector_31      0x9d0005e0        0x8
 *(.vector_31)
 .vector_31     0x9d0005e0        0x8 c:/program files (x86)/microchip/xc32/v1.44/bin/bin/../../lib/gcc/pic32mx/4.8.3/../../../../pic32mx/lib\libpic32.a(vector31.o)
                0x9d0005e0                __vector_dispatch_31
                0x00000001                ASSERT (((_vector_spacing == 0x0) || (SIZEOF (.vector_31) <= (_vector_spacing << 0x5))), function at exception vector 31 too large)

.vector_32      0x9d000600        0x8
 *(.vector_32)
 .vector_32     0x9d000600        0x8 c:/program files (x86)/microchip/xc32/v1.44/bin/bin/../../lib/gcc/pic32mx/4.8.3/../../../../pic32mx/lib\libpic32.a(vector32.o)
                0x9d000600                __vector_dispatch_32
                0x00000001                ASSERT (((_vector_spacing == 0x0) || (SIZEOF (.vector_32) <= (_vector_spacing << 0x5))), function at exception vector 32 too large)

.vector_33      0x9d000620        0x8
 *(.vector_33)
 .vector_33     0x9d000620        0x8 c:/program files (x86)/microchip/xc32/v1.44/bin/bin/../../lib/gcc/pic32mx/4.8.3/../../../../pic32mx/lib\libpic32.a(vector33.o)
                0x9d000620                __vector_dispatch_33
                0x00000001                ASSERT (((_vector_spacing == 0x0) || (SIZEOF (.vector_33) <= (_vector_spacing << 0x5))), function at exception vector 33 too large)

.vector_34      0x9d000640        0x8
 *(.vector_34)
 .vector_34     0x9d000640        0x8 c:/program files (x86)/microchip/xc32/v1.44/bin/bin/../../lib/gcc/pic32mx/4.8.3/../../../../pic32mx/lib\libpic32.a(vector34.o)
                0x9d000640                __vector_dispatch_34
                0x00000001                ASSERT (((_vector_spacing == 0x0) || (SIZEOF (.vector_34) <= (_vector_spacing << 0x5))), function at exception vector 34 too large)

.vector_35      0x9d000660        0x8
 *(.vector_35)
 .vector_35     0x9d000660        0x8 c:/program files (x86)/microchip/xc32/v1.44/bin/bin/../../lib/gcc/pic32mx/4.8.3/../../../../pic32mx/lib\libpic32.a(vector35.o)
                0x9d000660                __vector_dispatch_35
                0x00000001                ASSERT (((_vector_spacing == 0x0) || (SIZEOF (.vector_35) <= (_vector_spacing << 0x5))), function at exception vector 35 too large)

.vector_36      0x9d000680        0x8
 *(.vector_36)
 .vector_36     0x9d000680        0x8 c:/program files (x86)/microchip/xc32/v1.44/bin/bin/../../lib/gcc/pic32mx/4.8.3/../../../../pic32mx/lib\libpic32.a(vector36.o)
                0x9d000680                __vector_dispatch_36
                0x00000001                ASSERT (((_vector_spacing == 0x0) || (SIZEOF (.vector_36) <= (_vector_spacing << 0x5))), function at exception vector 36 too large)

.vector_37      0x9d0006a0        0x8
 *(.vector_37)
 .vector_37     0x9d0006a0        0x8 c:/program files (x86)/microchip/xc32/v1.44/bin/bin/../../lib/gcc/pic32mx/4.8.3/../../../../pic32mx/lib\libpic32.a(vector37.o)
                0x9d0006a0                __vector_dispatch_37
                0x00000001                ASSERT (((_vector_spacing == 0x0) || (SIZEOF (.vector_37) <= (_vector_spacing << 0x5))), function at exception vector 37 too large)

.vector_38      0x9d0006c0        0x8
 *(.vector_38)
 .vector_38     0x9d0006c0        0x8 c:/program files (x86)/microchip/xc32/v1.44/bin/bin/../../lib/gcc/pic32mx/4.8.3/../../../../pic32mx/lib\libpic32.a(vector38.o)
                0x9d0006c0                __vector_dispatch_38
                0x00000001                ASSERT (((_vector_spacing == 0x0) || (SIZEOF (.vector_38) <= (_vector_spacing << 0x5))), function at exception vector 38 too large)

.vector_39      0x9d0006e0        0x8
 *(.vector_39)
 .vector_39     0x9d0006e0        0x8 c:/program files (x86)/microchip/xc32/v1.44/bin/bin/../../lib/gcc/pic32mx/4.8.3/../../../../pic32mx/lib\libpic32.a(vector39.o)
                0x9d0006e0                __vector_dispatch_39
                0x00000001                ASSERT (((_vector_spacing == 0x0) || (SIZEOF (.vector_39) <= (_vector_spacing << 0x5))), function at exception vector 39 too large)

.vector_40      0x9d000700        0x8
 *(.vector_40)
 .vector_40     0x9d000700        0x8 c:/program files (x86)/microchip/xc32/v1.44/bin/bin/../../lib/gcc/pic32mx/4.8.3/../../../../pic32mx/lib\libpic32.a(vector40.o)
                0x9d000700                __vector_dispatch_40
                0x00000001                ASSERT (((_vector_spacing == 0x0) || (SIZEOF (.vector_40) <= (_vector_spacing << 0x5))), function at exception vector 40 too large)

.vector_41      0x9d000720        0x8
 *(.vector_41)
 .vector_41     0x9d000720        0x8 c:/program files (x86)/microchip/xc32/v1.44/bin/bin/../../lib/gcc/pic32mx/4.8.3/../../../../pic32mx/lib\libpic32.a(vector41.o)
                0x9d000720                __vector_dispatch_41
                0x00000001                ASSERT (((_vector_spacing == 0x0) || (SIZEOF (.vector_41) <= (_vector_spacing << 0x5))), function at exception vector 41 too large)

.vector_42      0x9d000740        0x8
 *(.vector_42)
 .vector_42     0x9d000740        0x8 c:/program files (x86)/microchip/xc32/v1.44/bin/bin/../../lib/gcc/pic32mx/4.8.3/../../../../pic32mx/lib\libpic32.a(vector42.o)
                0x9d000740                __vector_dispatch_42
                0x00000001                ASSERT (((_vector_spacing == 0x0) || (SIZEOF (.vector_42) <= (_vector_spacing << 0x5))), function at exception vector 42 too large)

.vector_43      0x9d000760        0x8
 *(.vector_43)
 .vector_43     0x9d000760        0x8 c:/program files (x86)/microchip/xc32/v1.44/bin/bin/../../lib/gcc/pic32mx/4.8.3/../../../../pic32mx/lib\libpic32.a(vector43.o)
                0x9d000760                __vector_dispatch_43
                0x00000001                ASSERT (((_vector_spacing == 0x0) || (SIZEOF (.vector_43) <= (_vector_spacing << 0x5))), function at exception vector 43 too large)

.vector_44      0x9d000780        0x8
 *(.vector_44)
 .vector_44     0x9d000780        0x8 c:/program files (x86)/microchip/xc32/v1.44/bin/bin/../../lib/gcc/pic32mx/4.8.3/../../../../pic32mx/lib\libpic32.a(vector44.o)
                0x9d000780                __vector_dispatch_44
                0x00000001                ASSERT (((_vector_spacing == 0x0) || (SIZEOF (.vector_44) <= (_vector_spacing << 0x5))), function at exception vector 44 too large)

.vector_45      0x9d0007a0        0x8
 *(.vector_45)
 .vector_45     0x9d0007a0        0x8 c:/program files (x86)/microchip/xc32/v1.44/bin/bin/../../lib/gcc/pic32mx/4.8.3/../../../../pic32mx/lib\libpic32.a(vector45.o)
                0x9d0007a0                __vector_dispatch_45
                0x00000001                ASSERT (((_vector_spacing == 0x0) || (SIZEOF (.vector_45) <= (_vector_spacing << 0x5))), function at exception vector 45 too large)

.vector_46      0x9d0007c0        0x8
 *(.vector_46)
 .vector_46     0x9d0007c0        0x8 c:/program files (x86)/microchip/xc32/v1.44/bin/bin/../../lib/gcc/pic32mx/4.8.3/../../../../pic32mx/lib\libpic32.a(vector46.o)
                0x9d0007c0                __vector_dispatch_46
                0x00000001                ASSERT (((_vector_spacing == 0x0) || (SIZEOF (.vector_46) <= (_vector_spacing << 0x5))), function at exception vector 46 too large)

.vector_47      0x9d0007e0        0x8
 *(.vector_47)
 .vector_47     0x9d0007e0        0x8 c:/program files (x86)/microchip/xc32/v1.44/bin/bin/../../lib/gcc/pic32mx/4.8.3/../../../../pic32mx/lib\libpic32.a(vector47.o)
                0x9d0007e0                __vector_dispatch_47
                0x00000001                ASSERT (((_vector_spacing == 0x0) || (SIZEOF (.vector_47) <= (_vector_spacing << 0x5))), function at exception vector 47 too large)

.vector_48      0x9d000800        0x8
 *(.vector_48)
 .vector_48     0x9d000800        0x8 c:/program files (x86)/microchip/xc32/v1.44/bin/bin/../../lib/gcc/pic32mx/4.8.3/../../../../pic32mx/lib\libpic32.a(vector48.o)
                0x9d000800                __vector_dispatch_48
                0x00000001                ASSERT (((_vector_spacing == 0x0) || (SIZEOF (.vector_48) <= (_vector_spacing << 0x5))), function at exception vector 48 too large)

.vector_49      0x9d000820        0x8
 *(.vector_49)
 .vector_49     0x9d000820        0x8 c:/program files (x86)/microchip/xc32/v1.44/bin/bin/../../lib/gcc/pic32mx/4.8.3/../../../../pic32mx/lib\libpic32.a(vector49.o)
                0x9d000820                __vector_dispatch_49
                0x00000001                ASSERT (((_vector_spacing == 0x0) || (SIZEOF (.vector_49) <= (_vector_spacing << 0x5))), function at exception vector 49 too large)

.vector_50      0x9d000840        0x8
 *(.vector_50)
 .vector_50     0x9d000840        0x8 c:/program files (x86)/microchip/xc32/v1.44/bin/bin/../../lib/gcc/pic32mx/4.8.3/../../../../pic32mx/lib\libpic32.a(vector50.o)
                0x9d000840                __vector_dispatch_50
                0x00000001                ASSERT (((_vector_spacing == 0x0) || (SIZEOF (.vector_50) <= (_vector_spacing << 0x5))), function at exception vector 50 too large)

.vector_51      0x9d000860        0x8
 *(.vector_51)
 .vector_51     0x9d000860        0x8 c:/program files (x86)/microchip/xc32/v1.44/bin/bin/../../lib/gcc/pic32mx/4.8.3/../../../../pic32mx/lib\libpic32.a(vector51.o)
                0x9d000860                __vector_dispatch_51
                0x00000001                ASSERT (((_vector_spacing == 0x0) || (SIZEOF (.vector_51) <= (_vector_spacing << 0x5))), function at exception vector 51 too large)

.vector_52      0x9d000880        0x0
 *(.vector_52)
                0x00000001                ASSERT (((_vector_spacing == 0x0) || (SIZEOF (.vector_52) <= (_vector_spacing << 0x5))), function at exception vector 52 too large)

.vector_53      0x9d0008a0        0x0
 *(.vector_53)
                0x00000001                ASSERT (((_vector_spacing == 0x0) || (SIZEOF (.vector_53) <= (_vector_spacing << 0x5))), function at exception vector 53 too large)

.vector_54      0x9d0008c0        0x0
 *(.vector_54)
                0x00000001                ASSERT (((_vector_spacing == 0x0) || (SIZEOF (.vector_54) <= (_vector_spacing << 0x5))), function at exception vector 54 too large)

.vector_55      0x9d0008e0        0x0
 *(.vector_55)
                0x00000001                ASSERT (((_vector_spacing == 0x0) || (SIZEOF (.vector_55) <= (_vector_spacing << 0x5))), function at exception vector 55 too large)

.vector_56      0x9d000900        0x0
 *(.vector_56)
                0x00000001                ASSERT (((_vector_spacing == 0x0) || (SIZEOF (.vector_56) <= (_vector_spacing << 0x5))), function at exception vector 56 too large)

.vector_57      0x9d000920        0x0
 *(.vector_57)
                0x00000001                ASSERT (((_vector_spacing == 0x0) || (SIZEOF (.vector_57) <= (_vector_spacing << 0x5))), function at exception vector 57 too large)

.vector_58      0x9d000940        0x0
 *(.vector_58)
                0x00000001                ASSERT (((_vector_spacing == 0x0) || (SIZEOF (.vector_58) <= (_vector_spacing << 0x5))), function at exception vector 58 too large)

.vector_59      0x9d000960        0x0
 *(.vector_59)
                0x00000001                ASSERT (((_vector_spacing == 0x0) || (SIZEOF (.vector_59) <= (_vector_spacing << 0x5))), function at exception vector 59 too large)

.vector_60      0x9d000980        0x0
 *(.vector_60)
                0x00000001                ASSERT (((_vector_spacing == 0x0) || (SIZEOF (.vector_60) <= (_vector_spacing << 0x5))), function at exception vector 60 too large)

.vector_61      0x9d0009a0        0x0
 *(.vector_61)
                0x00000001                ASSERT (((_vector_spacing == 0x0) || (SIZEOF (.vector_61) <= (_vector_spacing << 0x5))), function at exception vector 61 too large)

.vector_62      0x9d0009c0        0x0
 *(.vector_62)
                0x00000001                ASSERT (((_vector_spacing == 0x0) || (SIZEOF (.vector_62) <= (_vector_spacing << 0x5))), function at exception vector 62 too large)

.vector_63      0x9d0009e0        0x0
 *(.vector_63)
                0x00000001                ASSERT (((_vector_spacing == 0x0) || (SIZEOF (.vector_63) <= (_vector_spacing << 0x5))), function at exception vector 63 too large)

.startup
 *(.startup)

.text
 *(.stub .gnu.linkonce.t.*)
 *(.text.*personality*)
 *(.mips16.fn.*)
 *(.mips16.call.*)
 *(.gnu.warning)

.rodata         0x9d001e00        0x0
 *(.rodata.* .gnu.linkonce.r.*)
 *(.rodata1)
                0x9d001e00                . = ALIGN (0x4)

.sdata2         0x9d001000        0x0
 *(.sdata2 .sdata2.* .gnu.linkonce.s2.*)
                0x9d001000                . = ALIGN (0x4)

.sbss2          0x9d001000        0x0
 *(.sbss2 .sbss2.* .gnu.linkonce.sb2.*)
                0x9d001000                . = ALIGN (0x4)

.eh_frame_hdr
 *(.eh_frame_hdr)

.eh_frame
 *(.eh_frame)

.dbg_data       0xa0000000        0x0
                0xa0000000                . = (. + DEFINED (_DEBUGGER)?0x200:0x0)

.persist        0xa0000000        0x0
                0xa0000000                _persist_begin = .
 *(.persist .persist.*)
                0xa0000000                . = ALIGN (0x4)
                0xa0000000                _persist_end = .

.eh_frame
 *(.eh_frame)
                0xa0000000                . = .
                0xa0007ff0                _gp = (ALIGN (0x10) + 0x7ff0)

.got
 *(.got.plt)
 *(.got)

.sdata          0xa0000000      0x150
                0xa0000000                _sdata_begin = .
 *(.sdata .sdata.* .gnu.linkonce.s.*)
 .sdata         0xa0000000       0x50 control.o
                0xa0000000                ec
                0xa0000008                freq
                0xa000000c                ielim
                0xa0000010                fKi
                0xa0000014                fKp
                0xa0000018                sn
                0xa000001c                counter
                0xa0000020                dacbits
                0xa0000028                adcbits
                0xa0000030                VtoFnor
                0xa0000034                VtoFlat
                0xa0000038                TtoP
                0xa000003c                t_counts
                0xa0000040                avc
                0xa0000044                avn
                0xa0000048                pos_vec_i
                0xa000004c                init_count
 .sdata         0xa0000050       0x50 main.o
 .sdata         0xa00000a0       0x50 helpers.o
 .sdata         0xa00000f0       0x50 interrupts.o
 .sdata         0xa0000140        0x8 dsp.o
 .sdata         0xa0000148        0x4 c:/program files (x86)/microchip/xc32/v1.44/bin/bin/../../lib/gcc/pic32mx/4.8.3/../../../../pic32mx/lib\liblega-c.a(_iobdata.o)
                0xa0000148                _libc_data
 .sdata         0xa000014c        0x4 c:/program files (x86)/microchip/xc32/v1.44/bin/bin/../../lib/gcc/pic32mx/4.8.3/../../../../pic32mx/lib\libpic32.a(xc32_uart.o)
                0xa000014c                __XC_UART
                0xa0000150                _sdata_end = .

.lit8
 *(.lit8)

.lit4
 *(.lit4)
                0xa0000150                . = ALIGN (0x4)
                0xa0000150                _data_end = .
                0xa0000150                _bss_begin = .

.sbss           0xa0000150      0x5c4
                0xa0000150                _sbss_begin = .
 *(.dynsbss)
 *(.sbss .sbss.* .gnu.linkonce.sb.*)
 .sbss          0xa0000150      0x130 control.o
                0xa0000150                posf
                0xa0000154                pos
                0xa0000158                mukpr
                0xa000015c                mukav
                0xa0000160                muklf
                0xa0000164                muklp
                0xa0000168                mukhf
                0xa000016c                mukhp
                0xa0000170                mukf
                0xa0000174                mukp
                0xa0000178                norf
                0xa000017c                nor
                0xa0000180                ef
                0xa0000188                e
                0xa0000190                dlato
                0xa0000198                dlatn
                0xa00001a0                dlatmax
                0xa00001a8                alat
                0xa00001b0                alatf
                0xa00001b8                lats
                0xa00001c0                latff
                0xa00001c8                latn
                0xa00001d0                lato
                0xa00001d8                latf
                0xa00001e0                lat
                0xa00001e8                sig2av
                0xa00001f0                sig2s
                0xa00001f8                sig2
                0xa0000200                sig1av
                0xa0000208                sig1s
                0xa0000210                sig1
                0xa0000218                des
                0xa0000220                c_flag
                0xa0000224                muk
                0xa0000228                startt
                0xa000022c                ie
                0xa0000230                de
                0xa0000234                fKd
                0xa0000238                dt
                0xa000023c                t
                0xa0000240                end_t
                0xa0000244                st_t
                0xa0000248                feedback_enable
                0xa000024c                sig
                0xa0000250                chip_out
                0xa0000254                filter_on
                0xa0000258                wr
                0xa000025c                print_r
                0xa0000260                th
                0xa0000264                t4
                0xa0000268                t3
                0xa000026c                t2
                0xa0000270                t1
                0xa0000274                p3
                0xa0000278                p2
                0xa000027c                p1
 .sbss          0xa0000280      0x130 main.o
 .sbss          0xa00003b0      0x130 helpers.o
 .sbss          0xa00004e0      0x130 interrupts.o
 .sbss          0xa0000610       0xd0 dsp.o
 .sbss          0xa00006e0        0x4 c:/program files (x86)/microchip/xc32/v1.44/bin/bin/../../lib/gcc/pic32mx/4.8.3/../../../../pic32mx/lib\liblega-c.a(errno.o)
                0xa00006e0                errno
 *(.scommon)
 *fill*         0xa00006e4        0x4 
 .scommon       0xa00006e8       0x2c control.o
                0xa00006e8                start_lat
                0xa00006f0                vel
                0xa00006f4                option
                0xa00006f8                value
                0xa00006fc                mukhav
                0xa0000700                desf
                0xa0000708                mukl
                0xa000070c                mukh
                0xa0000710                muko
 .scommon       0xa0000714        0x0 main.o
 .scommon       0xa0000714        0x0 helpers.o
 .scommon       0xa0000714        0x0 interrupts.o
 .scommon       0xa0000714        0x0 dsp.o
                0xa0000714                _sbss_end = .

.bss            0xa0000714     0x7d70
 *(.dynbss)
 *(COMMON)
 COMMON         0xa0000714     0x7d70 control.o
                0xa0000714                pos_vec
                0xa0002654                time_vec
                0xa0004594                mukha
                0xa0005534                muka
                0xa00064d4                vel_vec
                0xa0008414                fe
                0xa0008420                message
                0xa0008484                . = ALIGN (0x4)
                0xa0008484                . = ALIGN (0x4)
                0xa0008484                _end = .
                0xa0008484                _bss_end = .
                0x00020000                _bmxdudba_address = 0x20000
                0x00020000                _bmxdupba_address = 0x20000

/DISCARD/
 *(.pdr)
 *(.reginfo)
 *(.rel.dyn)
 *(.note.GNU-stack)
 *(.note.GNU-stack)
 *(.gnu_debuglink)
 *(.gnu.lto_*)
 *(.discard)

.stab
 *(.stab)

.stabstr
 *(.stabstr)

.stab.excl
 *(.stab.excl)

.stab.exclstr
 *(.stab.exclstr)

.stab.index
 *(.stab.index)

.stab.indexstr
 *(.stab.indexstr)

.comment        0x00000000      0xae1
 *(.comment)
 .comment       0x00000000       0x3c control.o
                                 0x3d (size before relaxing)
 .comment       0x00000000       0x3d NU32.o
 .comment       0x00000000       0x3d main.o
 .comment       0x00000000       0x3d helpers.o
 .comment       0x00000000       0x3d interrupts.o
 .comment       0x00000000       0x3d dsp.o
 .comment       0x00000000       0x3d c:/program files (x86)/microchip/xc32/v1.44/bin/bin/../../lib/gcc/pic32mx/4.8.3/../../../../pic32mx/lib\libpic32.a(default-bootstrap-exception-handler.o)
 .comment       0x00000000       0x3d c:/program files (x86)/microchip/xc32/v1.44/bin/bin/../../lib/gcc/pic32mx/4.8.3/../../../../pic32mx/lib\libpic32.a(default-on-reset.o)
 .comment       0x00000000       0x3d c:/program files (x86)/microchip/xc32/v1.44/bin/bin/../../lib/gcc/pic32mx/4.8.3/../../../../pic32mx/lib\libpic32.a(default-on-bootstrap.o)
 .comment       0x00000000       0x3d c:/program files (x86)/microchip/xc32/v1.44/bin/bin/../../lib/gcc/pic32mx/4.8.3/../../../../pic32mx/lib\libpic32.a(default-general-exception-handler.o)
 .comment       0x00000000       0x3d c:/program files (x86)/microchip/xc32/v1.44/bin/bin/../../lib/gcc/pic32mx/4.8.3/../../../../pic32mx/lib\libpic32.a(defaultinterrupt.o)
 .comment       0x0000003c       0x52 c:/program files (x86)/microchip/xc32/v1.44/bin/bin/../../lib/gcc/pic32mx/4.8.3/../../../../pic32mx/lib\liblega-c.a(sprintf_cdfFnopsuxX.eo)
                                 0x8f (size before relaxing)
 .comment       0x0000008e       0x51 c:/program files (x86)/microchip/xc32/v1.44/bin/bin/../../lib/gcc/pic32mx/4.8.3/../../../../pic32mx/lib\liblega-c.a(sscanf_cdfFnopuxX.eo)
                                 0x8e (size before relaxing)
 .comment       0x000000df       0x4f c:/program files (x86)/microchip/xc32/v1.44/bin/bin/../../lib/gcc/pic32mx/4.8.3/../../../../pic32mx/lib\liblega-c.a(strlen.o)
                                 0x8c (size before relaxing)
 .comment       0x0000012e       0x52 c:/program files (x86)/microchip/xc32/v1.44/bin/bin/../../lib/gcc/pic32mx/4.8.3/../../../../pic32mx/lib\liblega-c.a(_doprnt_cdfFnopsuxX.eo)
                                 0x8f (size before relaxing)
 .comment       0x00000180       0x53 c:/program files (x86)/microchip/xc32/v1.44/bin/bin/../../lib/gcc/pic32mx/4.8.3/../../../../pic32mx/lib\liblega-c.a(_iobdata.o)
                                 0x90 (size before relaxing)
 .comment       0x000001d3       0x54 c:/program files (x86)/microchip/xc32/v1.44/bin/bin/../../lib/gcc/pic32mx/4.8.3/../../../../pic32mx/lib\liblega-c.a(_iobfuncs.o)
                                 0x91 (size before relaxing)
 .comment       0x00000227       0x55 c:/program files (x86)/microchip/xc32/v1.44/bin/bin/../../lib/gcc/pic32mx/4.8.3/../../../../pic32mx/lib\liblega-c.a(_iobstring.o)
                                 0x92 (size before relaxing)
 .comment       0x0000027c       0x50 c:/program files (x86)/microchip/xc32/v1.44/bin/bin/../../lib/gcc/pic32mx/4.8.3/../../../../pic32mx/lib\liblega-c.a(fputc.o)
                                 0x8d (size before relaxing)
 .comment       0x000002cc       0x52 c:/program files (x86)/microchip/xc32/v1.44/bin/bin/../../lib/gcc/pic32mx/4.8.3/../../../../pic32mx/lib\liblega-c.a(_doscan.o)
                                 0x8f (size before relaxing)
 .comment       0x0000031e       0x4e c:/program files (x86)/microchip/xc32/v1.44/bin/bin/../../lib/gcc/pic32mx/4.8.3/../../../../pic32mx/lib\liblega-c.a(stubs.o)
                                 0x8b (size before relaxing)
 .comment       0x0000036c       0x4f c:/program files (x86)/microchip/xc32/v1.44/bin/bin/../../lib/gcc/pic32mx/4.8.3/../../../../pic32mx/lib\liblega-c.a(strchr.o)
                                 0x8c (size before relaxing)
 .comment       0x000003bb       0x4f c:/program files (x86)/microchip/xc32/v1.44/bin/bin/../../lib/gcc/pic32mx/4.8.3/../../../../pic32mx/lib\liblega-c.a(memset.o)
                                 0x8c (size before relaxing)
 .comment       0x0000040a       0x4e c:/program files (x86)/microchip/xc32/v1.44/bin/bin/../../lib/gcc/pic32mx/4.8.3/../../../../pic32mx/lib\liblega-c.a(ctype.o)
                                 0x8b (size before relaxing)
 .comment       0x00000000       0x3d c:/program files (x86)/microchip/xc32/v1.44/bin/bin/../../lib/gcc/pic32mx/4.8.3/../../../../pic32mx/lib\liblega-c.a(malloc.o)
 .comment       0x00000000       0x3d c:/program files (x86)/microchip/xc32/v1.44/bin/bin/../../lib/gcc/pic32mx/4.8.3/../../../../pic32mx/lib\liblega-c.a(malloc_realloc.o)
 .comment       0x00000458       0x4e c:/program files (x86)/microchip/xc32/v1.44/bin/bin/../../lib/gcc/pic32mx/4.8.3/../../../../pic32mx/lib\liblega-c.a(errno.o)
                                 0x8b (size before relaxing)
 .comment       0x000004a6       0x4f c:/program files (x86)/microchip/xc32/v1.44/bin/bin/../../lib/gcc/pic32mx/4.8.3/../../../../pic32mx/lib\liblega-c.a(strtol.o)
                                 0x8c (size before relaxing)
 .comment       0x000004f5       0x50 c:/program files (x86)/microchip/xc32/v1.44/bin/bin/../../lib/gcc/pic32mx/4.8.3/../../../../pic32mx/lib\liblega-c.a(strtoul.o)
                                 0x8d (size before relaxing)
 .comment       0x00000545       0x50 c:/program files (x86)/microchip/xc32/v1.44/bin/bin/../../lib/gcc/pic32mx/4.8.3/../../../../pic32mx/lib\liblega-c.a(strtoll.o)
                                 0x8d (size before relaxing)
 .comment       0x00000595       0x51 c:/program files (x86)/microchip/xc32/v1.44/bin/bin/../../lib/gcc/pic32mx/4.8.3/../../../../pic32mx/lib\liblega-c.a(strtoull.o)
                                 0x8e (size before relaxing)
 .comment       0x000005e6       0x4f c:/program files (x86)/microchip/xc32/v1.44/bin/bin/../../lib/gcc/pic32mx/4.8.3/../../../../pic32mx/lib\liblega-c.a(strtod.o)
                                 0x8c (size before relaxing)
 .comment       0x00000000       0x8c c:/program files (x86)/microchip/xc32/v1.44/bin/bin/../../lib/gcc/pic32mx/4.8.3/../../../../pic32mx/lib\liblega-c.a(strtof.o)
 .comment       0x00000635       0x51 c:/program files (x86)/microchip/xc32/v1.44/bin/bin/../../lib/gcc/pic32mx/4.8.3/../../../../pic32mx/lib\liblega-c.a(fullexit.o)
                                 0x8e (size before relaxing)
 .comment       0x00000686       0x50 c:/program files (x86)/microchip/xc32/v1.44/bin/bin/../../lib/gcc/pic32mx/4.8.3/../../../../pic32mx/lib\liblega-c.a(fgetc.o)
                                 0x8d (size before relaxing)
 .comment       0x000006d6       0x51 c:/program files (x86)/microchip/xc32/v1.44/bin/bin/../../lib/gcc/pic32mx/4.8.3/../../../../pic32mx/lib\liblega-c.a(ungetc.o)
                                 0x8e (size before relaxing)
 .comment       0x00000727       0x50 c:/program files (x86)/microchip/xc32/v1.44/bin/bin/../../lib/gcc/pic32mx/4.8.3/../../../../pic32mx/lib\liblega-c.a(memmove.o)
                                 0x8d (size before relaxing)
 .comment       0x00000777       0x4f c:/program files (x86)/microchip/xc32/v1.44/bin/bin/../../lib/gcc/pic32mx/4.8.3/../../../../pic32mx/lib\liblega-c.a(memcpy.o)
                                 0x8c (size before relaxing)
 .comment       0x000007c6       0x52 c:/program files (x86)/microchip/xc32/v1.44/bin/bin/../../lib/gcc/pic32mx/4.8.3/../../../../pic32mx/lib\liblega-c.a(_ioinit.o)
                                 0x8f (size before relaxing)
 .comment       0x00000818       0x51 c:/program files (x86)/microchip/xc32/v1.44/bin/bin/../../lib/gcc/pic32mx/4.8.3/../../../../pic32mx/lib\liblega-c.a(_cleanup.o)
                                 0x8e (size before relaxing)
 .comment       0x00000869       0x53 c:/program files (x86)/microchip/xc32/v1.44/bin/bin/../../lib/gcc/pic32mx/4.8.3/../../../../pic32mx/lib\liblega-c.a(_bufproc.o)
                                 0x90 (size before relaxing)
 .comment       0x000008bc       0x9d c:/program files (x86)/microchip/xc32/v1.44/bin/bin/../../lib/gcc/pic32mx/4.8.3/../../../../pic32mx/lib\libm.a(__strtod.o)
                                 0xda (size before relaxing)
 .comment       0x00000959       0x4f c:/program files (x86)/microchip/xc32/v1.44/bin/bin/../../lib/gcc/pic32mx/4.8.3/../../../../pic32mx/lib\libm.a(__strtof.o)
                                 0xda (size before relaxing)
 .comment       0x000009a8       0x50 c:/program files (x86)/microchip/xc32/v1.44/bin/bin/../../lib/gcc/pic32mx/4.8.3/../../../../pic32mx/lib\libe.a(_ldexp.o)
                                 0xdb (size before relaxing)
 .comment       0x000009f8       0x50 c:/program files (x86)/microchip/xc32/v1.44/bin/bin/../../lib/gcc/pic32mx/4.8.3/../../../../pic32mx/lib\libe.a(_ldexpf.o)
                                 0xdb (size before relaxing)
 .comment       0x00000000       0x3d c:/program files (x86)/microchip/xc32/v1.44/bin/bin/../../lib/gcc/pic32mx/4.8.3\libgcc.a(_lshrdi3.o)
 .comment       0x00000000       0x3d c:/program files (x86)/microchip/xc32/v1.44/bin/bin/../../lib/gcc/pic32mx/4.8.3\libgcc.a(_ashldi3.o)
 .comment       0x00000000       0x3d c:/program files (x86)/microchip/xc32/v1.44/bin/bin/../../lib/gcc/pic32mx/4.8.3\libgcc.a(_divdi3.o)
 .comment       0x00000000       0x3d c:/program files (x86)/microchip/xc32/v1.44/bin/bin/../../lib/gcc/pic32mx/4.8.3\libgcc.a(_udivdi3.o)
 .comment       0x00000000       0x3d c:/program files (x86)/microchip/xc32/v1.44/bin/bin/../../lib/gcc/pic32mx/4.8.3\libgcc.a(_umoddi3.o)
 .comment       0x00000a48       0x4b c:/program files (x86)/microchip/xc32/v1.44/bin/bin/../../lib/gcc/pic32mx/4.8.3/../../../../pic32mx/lib\libpic32.a(sbrk.o)
                                 0x88 (size before relaxing)
 .comment       0x00000000       0x3d c:/program files (x86)/microchip/xc32/v1.44/bin/bin/../../lib/gcc/pic32mx/4.8.3/../../../../pic32mx/lib\libpic32.a(_exit.o)
 .comment       0x00000a93       0x4e c:/program files (x86)/microchip/xc32/v1.44/bin/bin/../../lib/gcc/pic32mx/4.8.3/../../../../pic32mx/lib\libpic32.a(isatty.o)
                                 0x8b (size before relaxing)
 .comment       0x00000000       0x3d c:/program files (x86)/microchip/xc32/v1.44/bin/bin/../../lib/gcc/pic32mx/4.8.3/../../../../pic32mx/lib\libpic32.a(_mon_getc.o)
 .comment       0x00000000       0x3d c:/program files (x86)/microchip/xc32/v1.44/bin/bin/../../lib/gcc/pic32mx/4.8.3/../../../../pic32mx/lib\libpic32.a(_mon_write.o)
 .comment       0x00000000       0x3d c:/program files (x86)/microchip/xc32/v1.44/bin/bin/../../lib/gcc/pic32mx/4.8.3/../../../../pic32mx/lib\libpic32.a(xc32_uart.o)
 .comment       0x00000000       0x3d c:/program files (x86)/microchip/xc32/v1.44/bin/bin/../../lib/gcc/pic32mx/4.8.3/../../../../pic32mx/lib\libpic32.a(_mon_putc.o)

.debug
 *(.debug)

.line
 *(.line)

.debug_srcinfo
 *(.debug_srcinfo)

.debug_sfnames
 *(.debug_sfnames)

.debug_aranges  0x00000000      0x360
 *(.debug_aranges)
 .debug_aranges
                0x00000000       0x20 control.o
 .debug_aranges
                0x00000020       0x20 NU32.o
 .debug_aranges
                0x00000040       0x20 main.o
 .debug_aranges
                0x00000060       0x20 helpers.o
 .debug_aranges
                0x00000080       0x20 interrupts.o
 .debug_aranges
                0x000000a0       0x20 dsp.o
 .debug_aranges
                0x000000c0       0x20 c:/program files (x86)/microchip/xc32/v1.44/bin/bin/../../lib/gcc/pic32mx/4.8.3/../../../../pic32mx/lib\libpic32.a(default-bootstrap-exception-handler.o)
 .debug_aranges
                0x000000e0       0x20 c:/program files (x86)/microchip/xc32/v1.44/bin/bin/../../lib/gcc/pic32mx/4.8.3/../../../../pic32mx/lib\libpic32.a(default-on-reset.o)
 .debug_aranges
                0x00000100       0x20 c:/program files (x86)/microchip/xc32/v1.44/bin/bin/../../lib/gcc/pic32mx/4.8.3/../../../../pic32mx/lib\libpic32.a(default-on-bootstrap.o)
 .debug_aranges
                0x00000120       0x20 c:/program files (x86)/microchip/xc32/v1.44/bin/bin/../../lib/gcc/pic32mx/4.8.3/../../../../pic32mx/lib\libpic32.a(default-general-exception-handler.o)
 .debug_aranges
                0x00000140       0x20 c:/program files (x86)/microchip/xc32/v1.44/bin/bin/../../lib/gcc/pic32mx/4.8.3/../../../../pic32mx/lib\libpic32.a(defaultinterrupt.o)
 .debug_aranges
                0x00000160       0x20 c:/program files (x86)/microchip/xc32/v1.44/bin/bin/../../lib/gcc/pic32mx/4.8.3/../../../../pic32mx/lib\libm.a(__strtod.o)
 .debug_aranges
                0x00000180       0x20 c:/program files (x86)/microchip/xc32/v1.44/bin/bin/../../lib/gcc/pic32mx/4.8.3/../../../../pic32mx/lib\libm.a(__strtof.o)
 .debug_aranges
                0x000001a0       0x20 c:/program files (x86)/microchip/xc32/v1.44/bin/bin/../../lib/gcc/pic32mx/4.8.3/../../../../pic32mx/lib\libe.a(_ldexp.o)
 .debug_aranges
                0x000001c0       0x20 c:/program files (x86)/microchip/xc32/v1.44/bin/bin/../../lib/gcc/pic32mx/4.8.3/../../../../pic32mx/lib\libe.a(_ldexpf.o)
 .debug_aranges
                0x000001e0       0x20 c:/program files (x86)/microchip/xc32/v1.44/bin/bin/../../lib/gcc/pic32mx/4.8.3\libgcc.a(_lshrdi3.o)
 .debug_aranges
                0x00000200       0x20 c:/program files (x86)/microchip/xc32/v1.44/bin/bin/../../lib/gcc/pic32mx/4.8.3\libgcc.a(_ashldi3.o)
 .debug_aranges
                0x00000220       0x20 c:/program files (x86)/microchip/xc32/v1.44/bin/bin/../../lib/gcc/pic32mx/4.8.3\libgcc.a(_divdi3.o)
 .debug_aranges
                0x00000240       0x20 c:/program files (x86)/microchip/xc32/v1.44/bin/bin/../../lib/gcc/pic32mx/4.8.3\libgcc.a(_udivdi3.o)
 .debug_aranges
                0x00000260       0x20 c:/program files (x86)/microchip/xc32/v1.44/bin/bin/../../lib/gcc/pic32mx/4.8.3\libgcc.a(_umoddi3.o)
 .debug_aranges
                0x00000280       0x40 c:/program files (x86)/microchip/xc32/v1.44/bin/bin/../../lib/gcc/pic32mx/4.8.3/../../../../pic32mx/lib\libpic32.a(sbrk.o)
 .debug_aranges
                0x000002c0       0x20 c:/program files (x86)/microchip/xc32/v1.44/bin/bin/../../lib/gcc/pic32mx/4.8.3/../../../../pic32mx/lib\libpic32.a(_exit.o)
 .debug_aranges
                0x000002e0       0x20 c:/program files (x86)/microchip/xc32/v1.44/bin/bin/../../lib/gcc/pic32mx/4.8.3/../../../../pic32mx/lib\libpic32.a(isatty.o)
 .debug_aranges
                0x00000300       0x20 c:/program files (x86)/microchip/xc32/v1.44/bin/bin/../../lib/gcc/pic32mx/4.8.3/../../../../pic32mx/lib\libpic32.a(_mon_getc.o)
 .debug_aranges
                0x00000320       0x20 c:/program files (x86)/microchip/xc32/v1.44/bin/bin/../../lib/gcc/pic32mx/4.8.3/../../../../pic32mx/lib\libpic32.a(_mon_write.o)
 .debug_aranges
                0x00000340       0x20 c:/program files (x86)/microchip/xc32/v1.44/bin/bin/../../lib/gcc/pic32mx/4.8.3/../../../../pic32mx/lib\libpic32.a(_mon_putc.o)

.debug_pubnames
 *(.debug_pubnames)

.debug_info     0x00000000     0x8307
 *(.debug_info .gnu.linkonce.wi.*)
 .debug_info    0x00000000      0xb04 control.o
 .debug_info    0x00000b04      0xa9b NU32.o
 .debug_info    0x0000159f      0xe9e main.o
 .debug_info    0x0000243d      0xafe helpers.o
 .debug_info    0x00002f3b     0x239a interrupts.o
 .debug_info    0x000052d5      0x62d dsp.o
 .debug_info    0x00005902       0xf5 c:/program files (x86)/microchip/xc32/v1.44/bin/bin/../../lib/gcc/pic32mx/4.8.3/../../../../pic32mx/lib\libpic32.a(default-bootstrap-exception-handler.o)
 .debug_info    0x000059f7       0xce c:/program files (x86)/microchip/xc32/v1.44/bin/bin/../../lib/gcc/pic32mx/4.8.3/../../../../pic32mx/lib\libpic32.a(default-on-reset.o)
 .debug_info    0x00005ac5       0xd6 c:/program files (x86)/microchip/xc32/v1.44/bin/bin/../../lib/gcc/pic32mx/4.8.3/../../../../pic32mx/lib\libpic32.a(default-on-bootstrap.o)
 .debug_info    0x00005b9b       0xf1 c:/program files (x86)/microchip/xc32/v1.44/bin/bin/../../lib/gcc/pic32mx/4.8.3/../../../../pic32mx/lib\libpic32.a(default-general-exception-handler.o)
 .debug_info    0x00005c8c       0xe8 c:/program files (x86)/microchip/xc32/v1.44/bin/bin/../../lib/gcc/pic32mx/4.8.3/../../../../pic32mx/lib\libpic32.a(defaultinterrupt.o)
 .debug_info    0x00005d74       0xd9 c:/program files (x86)/microchip/xc32/v1.44/bin/bin/../../lib/gcc/pic32mx/4.8.3/../../../../pic32mx/lib\libm.a(__strtod.o)
 .debug_info    0x00005e4d       0xd9 c:/program files (x86)/microchip/xc32/v1.44/bin/bin/../../lib/gcc/pic32mx/4.8.3/../../../../pic32mx/lib\libm.a(__strtof.o)
 .debug_info    0x00005f26       0xda c:/program files (x86)/microchip/xc32/v1.44/bin/bin/../../lib/gcc/pic32mx/4.8.3/../../../../pic32mx/lib\libe.a(_ldexp.o)
 .debug_info    0x00006000       0xda c:/program files (x86)/microchip/xc32/v1.44/bin/bin/../../lib/gcc/pic32mx/4.8.3/../../../../pic32mx/lib\libe.a(_ldexpf.o)
 .debug_info    0x000060da      0x330 c:/program files (x86)/microchip/xc32/v1.44/bin/bin/../../lib/gcc/pic32mx/4.8.3\libgcc.a(_lshrdi3.o)
 .debug_info    0x0000640a      0x333 c:/program files (x86)/microchip/xc32/v1.44/bin/bin/../../lib/gcc/pic32mx/4.8.3\libgcc.a(_ashldi3.o)
 .debug_info    0x0000673d      0x7a3 c:/program files (x86)/microchip/xc32/v1.44/bin/bin/../../lib/gcc/pic32mx/4.8.3\libgcc.a(_divdi3.o)
 .debug_info    0x00006ee0      0x76f c:/program files (x86)/microchip/xc32/v1.44/bin/bin/../../lib/gcc/pic32mx/4.8.3\libgcc.a(_udivdi3.o)
 .debug_info    0x0000764f      0x7ac c:/program files (x86)/microchip/xc32/v1.44/bin/bin/../../lib/gcc/pic32mx/4.8.3\libgcc.a(_umoddi3.o)
 .debug_info    0x00007dfb      0x132 c:/program files (x86)/microchip/xc32/v1.44/bin/bin/../../lib/gcc/pic32mx/4.8.3/../../../../pic32mx/lib\libpic32.a(sbrk.o)
 .debug_info    0x00007f2d       0xbf c:/program files (x86)/microchip/xc32/v1.44/bin/bin/../../lib/gcc/pic32mx/4.8.3/../../../../pic32mx/lib\libpic32.a(_exit.o)
 .debug_info    0x00007fec       0xc1 c:/program files (x86)/microchip/xc32/v1.44/bin/bin/../../lib/gcc/pic32mx/4.8.3/../../../../pic32mx/lib\libpic32.a(isatty.o)
 .debug_info    0x000080ad       0xc8 c:/program files (x86)/microchip/xc32/v1.44/bin/bin/../../lib/gcc/pic32mx/4.8.3/../../../../pic32mx/lib\libpic32.a(_mon_getc.o)
 .debug_info    0x00008175       0xca c:/program files (x86)/microchip/xc32/v1.44/bin/bin/../../lib/gcc/pic32mx/4.8.3/../../../../pic32mx/lib\libpic32.a(_mon_write.o)
 .debug_info    0x0000823f       0xc8 c:/program files (x86)/microchip/xc32/v1.44/bin/bin/../../lib/gcc/pic32mx/4.8.3/../../../../pic32mx/lib\libpic32.a(_mon_putc.o)

.debug_abbrev   0x00000000      0xec5
 *(.debug_abbrev)
 .debug_abbrev  0x00000000       0xdc control.o
 .debug_abbrev  0x000000dc       0xfd NU32.o
 .debug_abbrev  0x000001d9      0x17a main.o
 .debug_abbrev  0x00000353       0xef helpers.o
 .debug_abbrev  0x00000442      0x20c interrupts.o
 .debug_abbrev  0x0000064e       0x63 dsp.o
 .debug_abbrev  0x000006b1       0x28 c:/program files (x86)/microchip/xc32/v1.44/bin/bin/../../lib/gcc/pic32mx/4.8.3/../../../../pic32mx/lib\libpic32.a(default-bootstrap-exception-handler.o)
 .debug_abbrev  0x000006d9       0x28 c:/program files (x86)/microchip/xc32/v1.44/bin/bin/../../lib/gcc/pic32mx/4.8.3/../../../../pic32mx/lib\libpic32.a(default-on-reset.o)
 .debug_abbrev  0x00000701       0x28 c:/program files (x86)/microchip/xc32/v1.44/bin/bin/../../lib/gcc/pic32mx/4.8.3/../../../../pic32mx/lib\libpic32.a(default-on-bootstrap.o)
 .debug_abbrev  0x00000729       0x28 c:/program files (x86)/microchip/xc32/v1.44/bin/bin/../../lib/gcc/pic32mx/4.8.3/../../../../pic32mx/lib\libpic32.a(default-general-exception-handler.o)
 .debug_abbrev  0x00000751       0x28 c:/program files (x86)/microchip/xc32/v1.44/bin/bin/../../lib/gcc/pic32mx/4.8.3/../../../../pic32mx/lib\libpic32.a(defaultinterrupt.o)
 .debug_abbrev  0x00000779       0x35 c:/program files (x86)/microchip/xc32/v1.44/bin/bin/../../lib/gcc/pic32mx/4.8.3/../../../../pic32mx/lib\libm.a(__strtod.o)
 .debug_abbrev  0x000007ae       0x35 c:/program files (x86)/microchip/xc32/v1.44/bin/bin/../../lib/gcc/pic32mx/4.8.3/../../../../pic32mx/lib\libm.a(__strtof.o)
 .debug_abbrev  0x000007e3       0x35 c:/program files (x86)/microchip/xc32/v1.44/bin/bin/../../lib/gcc/pic32mx/4.8.3/../../../../pic32mx/lib\libe.a(_ldexp.o)
 .debug_abbrev  0x00000818       0x35 c:/program files (x86)/microchip/xc32/v1.44/bin/bin/../../lib/gcc/pic32mx/4.8.3/../../../../pic32mx/lib\libe.a(_ldexpf.o)
 .debug_abbrev  0x0000084d       0xd7 c:/program files (x86)/microchip/xc32/v1.44/bin/bin/../../lib/gcc/pic32mx/4.8.3\libgcc.a(_lshrdi3.o)
 .debug_abbrev  0x00000924       0xc8 c:/program files (x86)/microchip/xc32/v1.44/bin/bin/../../lib/gcc/pic32mx/4.8.3\libgcc.a(_ashldi3.o)
 .debug_abbrev  0x000009ec      0x13e c:/program files (x86)/microchip/xc32/v1.44/bin/bin/../../lib/gcc/pic32mx/4.8.3\libgcc.a(_divdi3.o)
 .debug_abbrev  0x00000b2a      0x138 c:/program files (x86)/microchip/xc32/v1.44/bin/bin/../../lib/gcc/pic32mx/4.8.3\libgcc.a(_udivdi3.o)
 .debug_abbrev  0x00000c62      0x147 c:/program files (x86)/microchip/xc32/v1.44/bin/bin/../../lib/gcc/pic32mx/4.8.3\libgcc.a(_umoddi3.o)
 .debug_abbrev  0x00000da9       0x54 c:/program files (x86)/microchip/xc32/v1.44/bin/bin/../../lib/gcc/pic32mx/4.8.3/../../../../pic32mx/lib\libpic32.a(sbrk.o)
 .debug_abbrev  0x00000dfd       0x28 c:/program files (x86)/microchip/xc32/v1.44/bin/bin/../../lib/gcc/pic32mx/4.8.3/../../../../pic32mx/lib\libpic32.a(_exit.o)
 .debug_abbrev  0x00000e25       0x28 c:/program files (x86)/microchip/xc32/v1.44/bin/bin/../../lib/gcc/pic32mx/4.8.3/../../../../pic32mx/lib\libpic32.a(isatty.o)
 .debug_abbrev  0x00000e4d       0x28 c:/program files (x86)/microchip/xc32/v1.44/bin/bin/../../lib/gcc/pic32mx/4.8.3/../../../../pic32mx/lib\libpic32.a(_mon_getc.o)
 .debug_abbrev  0x00000e75       0x28 c:/program files (x86)/microchip/xc32/v1.44/bin/bin/../../lib/gcc/pic32mx/4.8.3/../../../../pic32mx/lib\libpic32.a(_mon_write.o)
 .debug_abbrev  0x00000e9d       0x28 c:/program files (x86)/microchip/xc32/v1.44/bin/bin/../../lib/gcc/pic32mx/4.8.3/../../../../pic32mx/lib\libpic32.a(_mon_putc.o)

.debug_line     0x00000000     0x1467
 *(.debug_line)
 .debug_line    0x00000000      0x111 control.o
 .debug_line    0x00000111      0x104 NU32.o
 .debug_line    0x00000215      0x190 main.o
 .debug_line    0x000003a5      0x13f helpers.o
 .debug_line    0x000004e4      0x1b9 interrupts.o
 .debug_line    0x0000069d       0xaa dsp.o
 .debug_line    0x00000747       0xa7 c:/program files (x86)/microchip/xc32/v1.44/bin/bin/../../lib/gcc/pic32mx/4.8.3/../../../../pic32mx/lib\libpic32.a(default-bootstrap-exception-handler.o)
 .debug_line    0x000007ee       0x94 c:/program files (x86)/microchip/xc32/v1.44/bin/bin/../../lib/gcc/pic32mx/4.8.3/../../../../pic32mx/lib\libpic32.a(default-on-reset.o)
 .debug_line    0x00000882       0x98 c:/program files (x86)/microchip/xc32/v1.44/bin/bin/../../lib/gcc/pic32mx/4.8.3/../../../../pic32mx/lib\libpic32.a(default-on-bootstrap.o)
 .debug_line    0x0000091a       0xa5 c:/program files (x86)/microchip/xc32/v1.44/bin/bin/../../lib/gcc/pic32mx/4.8.3/../../../../pic32mx/lib\libpic32.a(default-general-exception-handler.o)
 .debug_line    0x000009bf       0xa6 c:/program files (x86)/microchip/xc32/v1.44/bin/bin/../../lib/gcc/pic32mx/4.8.3/../../../../pic32mx/lib\libpic32.a(defaultinterrupt.o)
 .debug_line    0x00000a65       0x89 c:/program files (x86)/microchip/xc32/v1.44/bin/bin/../../lib/gcc/pic32mx/4.8.3/../../../../pic32mx/lib\libm.a(__strtod.o)
 .debug_line    0x00000aee       0x89 c:/program files (x86)/microchip/xc32/v1.44/bin/bin/../../lib/gcc/pic32mx/4.8.3/../../../../pic32mx/lib\libm.a(__strtof.o)
 .debug_line    0x00000b77       0xa3 c:/program files (x86)/microchip/xc32/v1.44/bin/bin/../../lib/gcc/pic32mx/4.8.3/../../../../pic32mx/lib\libe.a(_ldexp.o)
 .debug_line    0x00000c1a       0xa3 c:/program files (x86)/microchip/xc32/v1.44/bin/bin/../../lib/gcc/pic32mx/4.8.3/../../../../pic32mx/lib\libe.a(_ldexpf.o)
 .debug_line    0x00000cbd       0xab c:/program files (x86)/microchip/xc32/v1.44/bin/bin/../../lib/gcc/pic32mx/4.8.3\libgcc.a(_lshrdi3.o)
 .debug_line    0x00000d68       0xab c:/program files (x86)/microchip/xc32/v1.44/bin/bin/../../lib/gcc/pic32mx/4.8.3\libgcc.a(_ashldi3.o)
 .debug_line    0x00000e13      0x105 c:/program files (x86)/microchip/xc32/v1.44/bin/bin/../../lib/gcc/pic32mx/4.8.3\libgcc.a(_divdi3.o)
 .debug_line    0x00000f18       0xfd c:/program files (x86)/microchip/xc32/v1.44/bin/bin/../../lib/gcc/pic32mx/4.8.3\libgcc.a(_udivdi3.o)
 .debug_line    0x00001015      0x10f c:/program files (x86)/microchip/xc32/v1.44/bin/bin/../../lib/gcc/pic32mx/4.8.3\libgcc.a(_umoddi3.o)
 .debug_line    0x00001124       0x88 c:/program files (x86)/microchip/xc32/v1.44/bin/bin/../../lib/gcc/pic32mx/4.8.3/../../../../pic32mx/lib\libpic32.a(sbrk.o)
 .debug_line    0x000011ac       0x89 c:/program files (x86)/microchip/xc32/v1.44/bin/bin/../../lib/gcc/pic32mx/4.8.3/../../../../pic32mx/lib\libpic32.a(_exit.o)
 .debug_line    0x00001235       0x8a c:/program files (x86)/microchip/xc32/v1.44/bin/bin/../../lib/gcc/pic32mx/4.8.3/../../../../pic32mx/lib\libpic32.a(isatty.o)
 .debug_line    0x000012bf       0x8d c:/program files (x86)/microchip/xc32/v1.44/bin/bin/../../lib/gcc/pic32mx/4.8.3/../../../../pic32mx/lib\libpic32.a(_mon_getc.o)
 .debug_line    0x0000134c       0x8e c:/program files (x86)/microchip/xc32/v1.44/bin/bin/../../lib/gcc/pic32mx/4.8.3/../../../../pic32mx/lib\libpic32.a(_mon_write.o)
 .debug_line    0x000013da        0x0 c:/program files (x86)/microchip/xc32/v1.44/bin/bin/../../lib/gcc/pic32mx/4.8.3/../../../../pic32mx/lib\libpic32.a(xc32_uart.o)
 .debug_line    0x000013da       0x8d c:/program files (x86)/microchip/xc32/v1.44/bin/bin/../../lib/gcc/pic32mx/4.8.3/../../../../pic32mx/lib\libpic32.a(_mon_putc.o)

.debug_frame    0x00000000      0x6a8
 *(.debug_frame)
 .debug_frame   0x00000000       0x64 control.o
 .debug_frame   0x00000064       0x48 NU32.o
 .debug_frame   0x000000ac       0x38 main.o
 .debug_frame   0x000000e4       0x74 helpers.o
 .debug_frame   0x00000158      0x154 interrupts.o
 .debug_frame   0x000002ac       0xa8 dsp.o
 .debug_frame   0x00000354       0x2c c:/program files (x86)/microchip/xc32/v1.44/bin/bin/../../lib/gcc/pic32mx/4.8.3/../../../../pic32mx/lib\libpic32.a(default-bootstrap-exception-handler.o)
 .debug_frame   0x00000380       0x20 c:/program files (x86)/microchip/xc32/v1.44/bin/bin/../../lib/gcc/pic32mx/4.8.3/../../../../pic32mx/lib\libpic32.a(default-on-reset.o)
 .debug_frame   0x000003a0       0x20 c:/program files (x86)/microchip/xc32/v1.44/bin/bin/../../lib/gcc/pic32mx/4.8.3/../../../../pic32mx/lib\libpic32.a(default-on-bootstrap.o)
 .debug_frame   0x000003c0       0x2c c:/program files (x86)/microchip/xc32/v1.44/bin/bin/../../lib/gcc/pic32mx/4.8.3/../../../../pic32mx/lib\libpic32.a(default-general-exception-handler.o)
 .debug_frame   0x000003ec       0x20 c:/program files (x86)/microchip/xc32/v1.44/bin/bin/../../lib/gcc/pic32mx/4.8.3/../../../../pic32mx/lib\libpic32.a(defaultinterrupt.o)
 .debug_frame   0x0000040c       0x38 c:/program files (x86)/microchip/xc32/v1.44/bin/bin/../../lib/gcc/pic32mx/4.8.3/../../../../pic32mx/lib\libm.a(__strtod.o)
 .debug_frame   0x00000444       0x38 c:/program files (x86)/microchip/xc32/v1.44/bin/bin/../../lib/gcc/pic32mx/4.8.3/../../../../pic32mx/lib\libm.a(__strtof.o)
 .debug_frame   0x0000047c       0x2c c:/program files (x86)/microchip/xc32/v1.44/bin/bin/../../lib/gcc/pic32mx/4.8.3/../../../../pic32mx/lib\libe.a(_ldexp.o)
 .debug_frame   0x000004a8       0x20 c:/program files (x86)/microchip/xc32/v1.44/bin/bin/../../lib/gcc/pic32mx/4.8.3/../../../../pic32mx/lib\libe.a(_ldexpf.o)
 .debug_frame   0x000004c8       0x20 c:/program files (x86)/microchip/xc32/v1.44/bin/bin/../../lib/gcc/pic32mx/4.8.3\libgcc.a(_lshrdi3.o)
 .debug_frame   0x000004e8       0x20 c:/program files (x86)/microchip/xc32/v1.44/bin/bin/../../lib/gcc/pic32mx/4.8.3\libgcc.a(_ashldi3.o)
 .debug_frame   0x00000508       0x20 c:/program files (x86)/microchip/xc32/v1.44/bin/bin/../../lib/gcc/pic32mx/4.8.3\libgcc.a(_divdi3.o)
 .debug_frame   0x00000528       0x20 c:/program files (x86)/microchip/xc32/v1.44/bin/bin/../../lib/gcc/pic32mx/4.8.3\libgcc.a(_udivdi3.o)
 .debug_frame   0x00000548       0x20 c:/program files (x86)/microchip/xc32/v1.44/bin/bin/../../lib/gcc/pic32mx/4.8.3\libgcc.a(_umoddi3.o)
 .debug_frame   0x00000568       0x84 c:/program files (x86)/microchip/xc32/v1.44/bin/bin/../../lib/gcc/pic32mx/4.8.3/../../../../pic32mx/lib\libpic32.a(sbrk.o)
 .debug_frame   0x000005ec       0x20 c:/program files (x86)/microchip/xc32/v1.44/bin/bin/../../lib/gcc/pic32mx/4.8.3/../../../../pic32mx/lib\libpic32.a(_exit.o)
 .debug_frame   0x0000060c       0x20 c:/program files (x86)/microchip/xc32/v1.44/bin/bin/../../lib/gcc/pic32mx/4.8.3/../../../../pic32mx/lib\libpic32.a(isatty.o)
 .debug_frame   0x0000062c       0x28 c:/program files (x86)/microchip/xc32/v1.44/bin/bin/../../lib/gcc/pic32mx/4.8.3/../../../../pic32mx/lib\libpic32.a(_mon_getc.o)
 .debug_frame   0x00000654       0x2c c:/program files (x86)/microchip/xc32/v1.44/bin/bin/../../lib/gcc/pic32mx/4.8.3/../../../../pic32mx/lib\libpic32.a(_mon_write.o)
 .debug_frame   0x00000680       0x28 c:/program files (x86)/microchip/xc32/v1.44/bin/bin/../../lib/gcc/pic32mx/4.8.3/../../../../pic32mx/lib\libpic32.a(_mon_putc.o)

.debug_str      0x00000000       0x1b
 *(.debug_str)
 .debug_str     0x00000000        0x0 control.o
 .debug_str     0x00000000        0x0 NU32.o
 .debug_str     0x00000000        0x0 main.o
 .debug_str     0x00000000        0x0 helpers.o
 .debug_str     0x00000000       0x1b interrupts.o
 .debug_str     0x0000001b        0x0 dsp.o
 .debug_str     0x0000001b        0x0 c:/program files (x86)/microchip/xc32/v1.44/bin/bin/../../lib/gcc/pic32mx/4.8.3/../../../../pic32mx/lib\libpic32.a(default-bootstrap-exception-handler.o)
 .debug_str     0x0000001b        0x0 c:/program files (x86)/microchip/xc32/v1.44/bin/bin/../../lib/gcc/pic32mx/4.8.3/../../../../pic32mx/lib\libpic32.a(default-on-reset.o)
 .debug_str     0x0000001b        0x0 c:/program files (x86)/microchip/xc32/v1.44/bin/bin/../../lib/gcc/pic32mx/4.8.3/../../../../pic32mx/lib\libpic32.a(default-on-bootstrap.o)
 .debug_str     0x0000001b        0x0 c:/program files (x86)/microchip/xc32/v1.44/bin/bin/../../lib/gcc/pic32mx/4.8.3/../../../../pic32mx/lib\libpic32.a(default-general-exception-handler.o)
 .debug_str     0x0000001b        0x0 c:/program files (x86)/microchip/xc32/v1.44/bin/bin/../../lib/gcc/pic32mx/4.8.3/../../../../pic32mx/lib\libpic32.a(defaultinterrupt.o)
 .debug_str     0x0000001b        0x0 c:/program files (x86)/microchip/xc32/v1.44/bin/bin/../../lib/gcc/pic32mx/4.8.3/../../../../pic32mx/lib\libm.a(__strtod.o)
 .debug_str     0x0000001b        0x0 c:/program files (x86)/microchip/xc32/v1.44/bin/bin/../../lib/gcc/pic32mx/4.8.3/../../../../pic32mx/lib\libm.a(__strtof.o)
 .debug_str     0x0000001b        0x0 c:/program files (x86)/microchip/xc32/v1.44/bin/bin/../../lib/gcc/pic32mx/4.8.3/../../../../pic32mx/lib\libe.a(_ldexp.o)
 .debug_str     0x0000001b        0x0 c:/program files (x86)/microchip/xc32/v1.44/bin/bin/../../lib/gcc/pic32mx/4.8.3/../../../../pic32mx/lib\libe.a(_ldexpf.o)
 .debug_str     0x0000001b        0x0 c:/program files (x86)/microchip/xc32/v1.44/bin/bin/../../lib/gcc/pic32mx/4.8.3\libgcc.a(_lshrdi3.o)
 .debug_str     0x0000001b        0x0 c:/program files (x86)/microchip/xc32/v1.44/bin/bin/../../lib/gcc/pic32mx/4.8.3\libgcc.a(_ashldi3.o)
 .debug_str     0x0000001b        0x0 c:/program files (x86)/microchip/xc32/v1.44/bin/bin/../../lib/gcc/pic32mx/4.8.3\libgcc.a(_divdi3.o)
 .debug_str     0x0000001b        0x0 c:/program files (x86)/microchip/xc32/v1.44/bin/bin/../../lib/gcc/pic32mx/4.8.3\libgcc.a(_udivdi3.o)
 .debug_str     0x0000001b        0x0 c:/program files (x86)/microchip/xc32/v1.44/bin/bin/../../lib/gcc/pic32mx/4.8.3\libgcc.a(_umoddi3.o)
 .debug_str     0x0000001b        0x0 c:/program files (x86)/microchip/xc32/v1.44/bin/bin/../../lib/gcc/pic32mx/4.8.3/../../../../pic32mx/lib\libpic32.a(sbrk.o)
 .debug_str     0x0000001b        0x0 c:/program files (x86)/microchip/xc32/v1.44/bin/bin/../../lib/gcc/pic32mx/4.8.3/../../../../pic32mx/lib\libpic32.a(_exit.o)
 .debug_str     0x0000001b        0x0 c:/program files (x86)/microchip/xc32/v1.44/bin/bin/../../lib/gcc/pic32mx/4.8.3/../../../../pic32mx/lib\libpic32.a(isatty.o)
 .debug_str     0x0000001b        0x0 c:/program files (x86)/microchip/xc32/v1.44/bin/bin/../../lib/gcc/pic32mx/4.8.3/../../../../pic32mx/lib\libpic32.a(_mon_getc.o)
 .debug_str     0x0000001b        0x0 c:/program files (x86)/microchip/xc32/v1.44/bin/bin/../../lib/gcc/pic32mx/4.8.3/../../../../pic32mx/lib\libpic32.a(_mon_write.o)
 .debug_str     0x0000001b        0x0 c:/program files (x86)/microchip/xc32/v1.44/bin/bin/../../lib/gcc/pic32mx/4.8.3/../../../../pic32mx/lib\libpic32.a(xc32_uart.o)
 .debug_str     0x0000001b        0x0 c:/program files (x86)/microchip/xc32/v1.44/bin/bin/../../lib/gcc/pic32mx/4.8.3/../../../../pic32mx/lib\libpic32.a(_mon_putc.o)

.debug_loc      0x00000000     0x2387
 *(.debug_loc)
 .debug_loc     0x00000000       0xa8 NU32.o
 .debug_loc     0x000000a8      0x13e helpers.o
 .debug_loc     0x000001e6       0x57 interrupts.o
 .debug_loc     0x0000023d       0x2c c:/program files (x86)/microchip/xc32/v1.44/bin/bin/../../lib/gcc/pic32mx/4.8.3/../../../../pic32mx/lib\libpic32.a(default-bootstrap-exception-handler.o)
 .debug_loc     0x00000269       0x2c c:/program files (x86)/microchip/xc32/v1.44/bin/bin/../../lib/gcc/pic32mx/4.8.3/../../../../pic32mx/lib\libpic32.a(default-general-exception-handler.o)
 .debug_loc     0x00000295       0x20 c:/program files (x86)/microchip/xc32/v1.44/bin/bin/../../lib/gcc/pic32mx/4.8.3/../../../../pic32mx/lib\libm.a(__strtod.o)
 .debug_loc     0x000002b5       0x20 c:/program files (x86)/microchip/xc32/v1.44/bin/bin/../../lib/gcc/pic32mx/4.8.3/../../../../pic32mx/lib\libm.a(__strtof.o)
 .debug_loc     0x000002d5       0x20 c:/program files (x86)/microchip/xc32/v1.44/bin/bin/../../lib/gcc/pic32mx/4.8.3/../../../../pic32mx/lib\libe.a(_ldexp.o)
 .debug_loc     0x000002f5       0xbb c:/program files (x86)/microchip/xc32/v1.44/bin/bin/../../lib/gcc/pic32mx/4.8.3\libgcc.a(_lshrdi3.o)
 .debug_loc     0x000003b0       0x82 c:/program files (x86)/microchip/xc32/v1.44/bin/bin/../../lib/gcc/pic32mx/4.8.3\libgcc.a(_ashldi3.o)
 .debug_loc     0x00000432      0x9ee c:/program files (x86)/microchip/xc32/v1.44/bin/bin/../../lib/gcc/pic32mx/4.8.3\libgcc.a(_divdi3.o)
 .debug_loc     0x00000e20      0xa6a c:/program files (x86)/microchip/xc32/v1.44/bin/bin/../../lib/gcc/pic32mx/4.8.3\libgcc.a(_udivdi3.o)
 .debug_loc     0x0000188a      0xa3d c:/program files (x86)/microchip/xc32/v1.44/bin/bin/../../lib/gcc/pic32mx/4.8.3\libgcc.a(_umoddi3.o)
 .debug_loc     0x000022c7       0x60 c:/program files (x86)/microchip/xc32/v1.44/bin/bin/../../lib/gcc/pic32mx/4.8.3/../../../../pic32mx/lib\libpic32.a(sbrk.o)
 .debug_loc     0x00002327       0x20 c:/program files (x86)/microchip/xc32/v1.44/bin/bin/../../lib/gcc/pic32mx/4.8.3/../../../../pic32mx/lib\libpic32.a(_mon_getc.o)
 .debug_loc     0x00002347       0x20 c:/program files (x86)/microchip/xc32/v1.44/bin/bin/../../lib/gcc/pic32mx/4.8.3/../../../../pic32mx/lib\libpic32.a(_mon_write.o)
 .debug_loc     0x00002367       0x20 c:/program files (x86)/microchip/xc32/v1.44/bin/bin/../../lib/gcc/pic32mx/4.8.3/../../../../pic32mx/lib\libpic32.a(_mon_putc.o)

.debug_macinfo
 *(.debug_macinfo)

.debug_weaknames
 *(.debug_weaknames)

.debug_funcnames
 *(.debug_funcnames)

.debug_typenames
 *(.debug_typenames)

.debug_varnames
 *(.debug_varnames)

.debug_pubtypes
 *(.debug_pubtypes)

.debug_ranges   0x00000000      0x2f8
 *(.debug_ranges)
 .debug_ranges  0x00000000       0x10 c:/program files (x86)/microchip/xc32/v1.44/bin/bin/../../lib/gcc/pic32mx/4.8.3/../../../../pic32mx/lib\libpic32.a(default-bootstrap-exception-handler.o)
 .debug_ranges  0x00000010       0x10 c:/program files (x86)/microchip/xc32/v1.44/bin/bin/../../lib/gcc/pic32mx/4.8.3/../../../../pic32mx/lib\libpic32.a(default-on-reset.o)
 .debug_ranges  0x00000020       0x10 c:/program files (x86)/microchip/xc32/v1.44/bin/bin/../../lib/gcc/pic32mx/4.8.3/../../../../pic32mx/lib\libpic32.a(default-on-bootstrap.o)
 .debug_ranges  0x00000030       0x10 c:/program files (x86)/microchip/xc32/v1.44/bin/bin/../../lib/gcc/pic32mx/4.8.3/../../../../pic32mx/lib\libpic32.a(default-general-exception-handler.o)
 .debug_ranges  0x00000040       0x10 c:/program files (x86)/microchip/xc32/v1.44/bin/bin/../../lib/gcc/pic32mx/4.8.3/../../../../pic32mx/lib\libpic32.a(defaultinterrupt.o)
 .debug_ranges  0x00000050       0x10 c:/program files (x86)/microchip/xc32/v1.44/bin/bin/../../lib/gcc/pic32mx/4.8.3/../../../../pic32mx/lib\libm.a(__strtod.o)
 .debug_ranges  0x00000060       0x10 c:/program files (x86)/microchip/xc32/v1.44/bin/bin/../../lib/gcc/pic32mx/4.8.3/../../../../pic32mx/lib\libm.a(__strtof.o)
 .debug_ranges  0x00000070       0x10 c:/program files (x86)/microchip/xc32/v1.44/bin/bin/../../lib/gcc/pic32mx/4.8.3/../../../../pic32mx/lib\libe.a(_ldexp.o)
 .debug_ranges  0x00000080       0x10 c:/program files (x86)/microchip/xc32/v1.44/bin/bin/../../lib/gcc/pic32mx/4.8.3/../../../../pic32mx/lib\libe.a(_ldexpf.o)
 .debug_ranges  0x00000090       0x78 c:/program files (x86)/microchip/xc32/v1.44/bin/bin/../../lib/gcc/pic32mx/4.8.3\libgcc.a(_divdi3.o)
 .debug_ranges  0x00000108       0x98 c:/program files (x86)/microchip/xc32/v1.44/bin/bin/../../lib/gcc/pic32mx/4.8.3\libgcc.a(_udivdi3.o)
 .debug_ranges  0x000001a0       0xd8 c:/program files (x86)/microchip/xc32/v1.44/bin/bin/../../lib/gcc/pic32mx/4.8.3\libgcc.a(_umoddi3.o)
 .debug_ranges  0x00000278       0x30 c:/program files (x86)/microchip/xc32/v1.44/bin/bin/../../lib/gcc/pic32mx/4.8.3/../../../../pic32mx/lib\libpic32.a(sbrk.o)
 .debug_ranges  0x000002a8       0x10 c:/program files (x86)/microchip/xc32/v1.44/bin/bin/../../lib/gcc/pic32mx/4.8.3/../../../../pic32mx/lib\libpic32.a(_exit.o)
 .debug_ranges  0x000002b8       0x10 c:/program files (x86)/microchip/xc32/v1.44/bin/bin/../../lib/gcc/pic32mx/4.8.3/../../../../pic32mx/lib\libpic32.a(isatty.o)
 .debug_ranges  0x000002c8       0x10 c:/program files (x86)/microchip/xc32/v1.44/bin/bin/../../lib/gcc/pic32mx/4.8.3/../../../../pic32mx/lib\libpic32.a(_mon_getc.o)
 .debug_ranges  0x000002d8       0x10 c:/program files (x86)/microchip/xc32/v1.44/bin/bin/../../lib/gcc/pic32mx/4.8.3/../../../../pic32mx/lib\libpic32.a(_mon_write.o)
 .debug_ranges  0x000002e8       0x10 c:/program files (x86)/microchip/xc32/v1.44/bin/bin/../../lib/gcc/pic32mx/4.8.3/../../../../pic32mx/lib\libpic32.a(_mon_putc.o)

.gnu.attributes
                0x00000000       0x10
 *(.gnu.attributes)
 .gnu.attributes
                0x00000000       0x10 control.o
 .gnu.attributes
                0x00000010       0x10 NU32.o
 .gnu.attributes
                0x00000020       0x10 main.o
 .gnu.attributes
                0x00000030       0x10 helpers.o
 .gnu.attributes
                0x00000040       0x10 interrupts.o
 .gnu.attributes
                0x00000050       0x10 dsp.o
 .gnu.attributes
                0x00000060       0x10 c:/program files (x86)/microchip/xc32/v1.44/bin/bin/../../lib/gcc/pic32mx/4.8.3/../../../../pic32mx/lib\libpic32.a(default-bootstrap-exception-handler.o)
 .gnu.attributes
                0x00000070       0x10 c:/program files (x86)/microchip/xc32/v1.44/bin/bin/../../lib/gcc/pic32mx/4.8.3/../../../../pic32mx/lib\libpic32.a(default-on-reset.o)
 .gnu.attributes
                0x00000080       0x10 c:/program files (x86)/microchip/xc32/v1.44/bin/bin/../../lib/gcc/pic32mx/4.8.3/../../../../pic32mx/lib\libpic32.a(default-on-bootstrap.o)
 .gnu.attributes
                0x00000090       0x10 c:/program files (x86)/microchip/xc32/v1.44/bin/bin/../../lib/gcc/pic32mx/4.8.3/../../../../pic32mx/lib\libpic32.a(default-general-exception-handler.o)
 .gnu.attributes
                0x000000a0       0x10 c:/program files (x86)/microchip/xc32/v1.44/bin/bin/../../lib/gcc/pic32mx/4.8.3/../../../../pic32mx/lib\libpic32.a(defaultinterrupt.o)
 .gnu.attributes
                0x000000b0       0x10 c:/program files (x86)/microchip/xc32/v1.44/bin/bin/../../lib/gcc/pic32mx/4.8.3/../../../../pic32mx/lib\liblega-c.a(sprintf_cdfFnopsuxX.eo)
 .gnu.attributes
                0x000000c0       0x10 c:/program files (x86)/microchip/xc32/v1.44/bin/bin/../../lib/gcc/pic32mx/4.8.3/../../../../pic32mx/lib\liblega-c.a(sscanf_cdfFnopuxX.eo)
 .gnu.attributes
                0x000000d0       0x10 c:/program files (x86)/microchip/xc32/v1.44/bin/bin/../../lib/gcc/pic32mx/4.8.3/../../../../pic32mx/lib\liblega-c.a(strlen.o)
 .gnu.attributes
                0x000000e0       0x10 c:/program files (x86)/microchip/xc32/v1.44/bin/bin/../../lib/gcc/pic32mx/4.8.3/../../../../pic32mx/lib\liblega-c.a(_doprnt_cdfFnopsuxX.eo)
 .gnu.attributes
                0x000000f0       0x10 c:/program files (x86)/microchip/xc32/v1.44/bin/bin/../../lib/gcc/pic32mx/4.8.3/../../../../pic32mx/lib\liblega-c.a(_iobdata.o)
 .gnu.attributes
                0x00000100       0x10 c:/program files (x86)/microchip/xc32/v1.44/bin/bin/../../lib/gcc/pic32mx/4.8.3/../../../../pic32mx/lib\liblega-c.a(_iobfuncs.o)
 .gnu.attributes
                0x00000110       0x10 c:/program files (x86)/microchip/xc32/v1.44/bin/bin/../../lib/gcc/pic32mx/4.8.3/../../../../pic32mx/lib\liblega-c.a(_iobstring.o)
 .gnu.attributes
                0x00000120       0x10 c:/program files (x86)/microchip/xc32/v1.44/bin/bin/../../lib/gcc/pic32mx/4.8.3/../../../../pic32mx/lib\liblega-c.a(fputc.o)
 .gnu.attributes
                0x00000130       0x10 c:/program files (x86)/microchip/xc32/v1.44/bin/bin/../../lib/gcc/pic32mx/4.8.3/../../../../pic32mx/lib\liblega-c.a(_doscan.o)
 .gnu.attributes
                0x00000140       0x10 c:/program files (x86)/microchip/xc32/v1.44/bin/bin/../../lib/gcc/pic32mx/4.8.3/../../../../pic32mx/lib\liblega-c.a(stubs.o)
 .gnu.attributes
                0x00000150       0x10 c:/program files (x86)/microchip/xc32/v1.44/bin/bin/../../lib/gcc/pic32mx/4.8.3/../../../../pic32mx/lib\liblega-c.a(strchr.o)
 .gnu.attributes
                0x00000160       0x10 c:/program files (x86)/microchip/xc32/v1.44/bin/bin/../../lib/gcc/pic32mx/4.8.3/../../../../pic32mx/lib\liblega-c.a(memset.o)
 .gnu.attributes
                0x00000170       0x10 c:/program files (x86)/microchip/xc32/v1.44/bin/bin/../../lib/gcc/pic32mx/4.8.3/../../../../pic32mx/lib\liblega-c.a(ctype.o)
 .gnu.attributes
                0x00000180       0x10 c:/program files (x86)/microchip/xc32/v1.44/bin/bin/../../lib/gcc/pic32mx/4.8.3/../../../../pic32mx/lib\liblega-c.a(malloc.o)
 .gnu.attributes
                0x00000190       0x10 c:/program files (x86)/microchip/xc32/v1.44/bin/bin/../../lib/gcc/pic32mx/4.8.3/../../../../pic32mx/lib\liblega-c.a(malloc_realloc.o)
 .gnu.attributes
                0x000001a0       0x10 c:/program files (x86)/microchip/xc32/v1.44/bin/bin/../../lib/gcc/pic32mx/4.8.3/../../../../pic32mx/lib\liblega-c.a(errno.o)
 .gnu.attributes
                0x000001b0       0x10 c:/program files (x86)/microchip/xc32/v1.44/bin/bin/../../lib/gcc/pic32mx/4.8.3/../../../../pic32mx/lib\liblega-c.a(strtol.o)
 .gnu.attributes
                0x000001c0       0x10 c:/program files (x86)/microchip/xc32/v1.44/bin/bin/../../lib/gcc/pic32mx/4.8.3/../../../../pic32mx/lib\liblega-c.a(strtoul.o)
 .gnu.attributes
                0x000001d0       0x10 c:/program files (x86)/microchip/xc32/v1.44/bin/bin/../../lib/gcc/pic32mx/4.8.3/../../../../pic32mx/lib\liblega-c.a(strtoll.o)
 .gnu.attributes
                0x000001e0       0x10 c:/program files (x86)/microchip/xc32/v1.44/bin/bin/../../lib/gcc/pic32mx/4.8.3/../../../../pic32mx/lib\liblega-c.a(strtoull.o)
 .gnu.attributes
                0x000001f0       0x10 c:/program files (x86)/microchip/xc32/v1.44/bin/bin/../../lib/gcc/pic32mx/4.8.3/../../../../pic32mx/lib\liblega-c.a(strtod.o)
 .gnu.attributes
                0x00000200       0x10 c:/program files (x86)/microchip/xc32/v1.44/bin/bin/../../lib/gcc/pic32mx/4.8.3/../../../../pic32mx/lib\liblega-c.a(strtof.o)
 .gnu.attributes
                0x00000210       0x10 c:/program files (x86)/microchip/xc32/v1.44/bin/bin/../../lib/gcc/pic32mx/4.8.3/../../../../pic32mx/lib\liblega-c.a(fullexit.o)
 .gnu.attributes
                0x00000220       0x10 c:/program files (x86)/microchip/xc32/v1.44/bin/bin/../../lib/gcc/pic32mx/4.8.3/../../../../pic32mx/lib\liblega-c.a(fgetc.o)
 .gnu.attributes
                0x00000230       0x10 c:/program files (x86)/microchip/xc32/v1.44/bin/bin/../../lib/gcc/pic32mx/4.8.3/../../../../pic32mx/lib\liblega-c.a(ungetc.o)
 .gnu.attributes
                0x00000240       0x10 c:/program files (x86)/microchip/xc32/v1.44/bin/bin/../../lib/gcc/pic32mx/4.8.3/../../../../pic32mx/lib\liblega-c.a(memmove.o)
 .gnu.attributes
                0x00000250       0x10 c:/program files (x86)/microchip/xc32/v1.44/bin/bin/../../lib/gcc/pic32mx/4.8.3/../../../../pic32mx/lib\liblega-c.a(memcpy.o)
 .gnu.attributes
                0x00000260       0x10 c:/program files (x86)/microchip/xc32/v1.44/bin/bin/../../lib/gcc/pic32mx/4.8.3/../../../../pic32mx/lib\liblega-c.a(_ioinit.o)
 .gnu.attributes
                0x00000270       0x10 c:/program files (x86)/microchip/xc32/v1.44/bin/bin/../../lib/gcc/pic32mx/4.8.3/../../../../pic32mx/lib\liblega-c.a(_cleanup.o)
 .gnu.attributes
                0x00000280       0x10 c:/program files (x86)/microchip/xc32/v1.44/bin/bin/../../lib/gcc/pic32mx/4.8.3/../../../../pic32mx/lib\liblega-c.a(_bufproc.o)
 .gnu.attributes
                0x00000290       0x10 c:/program files (x86)/microchip/xc32/v1.44/bin/bin/../../lib/gcc/pic32mx/4.8.3/../../../../pic32mx/lib\libm.a(__strtod.o)
 .gnu.attributes
                0x000002a0       0x10 c:/program files (x86)/microchip/xc32/v1.44/bin/bin/../../lib/gcc/pic32mx/4.8.3/../../../../pic32mx/lib\libm.a(__strtof.o)
 .gnu.attributes
                0x000002b0       0x10 c:/program files (x86)/microchip/xc32/v1.44/bin/bin/../../lib/gcc/pic32mx/4.8.3/../../../../pic32mx/lib\libe.a(_ldexp.o)
 .gnu.attributes
                0x000002c0       0x10 c:/program files (x86)/microchip/xc32/v1.44/bin/bin/../../lib/gcc/pic32mx/4.8.3/../../../../pic32mx/lib\libe.a(_ldexpf.o)
 .gnu.attributes
                0x000002d0       0x10 c:/program files (x86)/microchip/xc32/v1.44/bin/bin/../../lib/gcc/pic32mx/4.8.3\libgcc.a(_lshrdi3.o)
 .gnu.attributes
                0x000002e0       0x10 c:/program files (x86)/microchip/xc32/v1.44/bin/bin/../../lib/gcc/pic32mx/4.8.3\libgcc.a(_ashldi3.o)
 .gnu.attributes
                0x000002f0       0x10 c:/program files (x86)/microchip/xc32/v1.44/bin/bin/../../lib/gcc/pic32mx/4.8.3\libgcc.a(_divdi3.o)
 .gnu.attributes
                0x00000300       0x10 c:/program files (x86)/microchip/xc32/v1.44/bin/bin/../../lib/gcc/pic32mx/4.8.3\libgcc.a(_udivdi3.o)
 .gnu.attributes
                0x00000310       0x10 c:/program files (x86)/microchip/xc32/v1.44/bin/bin/../../lib/gcc/pic32mx/4.8.3\libgcc.a(_umoddi3.o)
 .gnu.attributes
                0x00000320       0x10 c:/program files (x86)/microchip/xc32/v1.44/bin/bin/../../lib/gcc/pic32mx/4.8.3/../../../../pic32mx/lib\libpic32.a(sbrk.o)
 .gnu.attributes
                0x00000330       0x10 c:/program files (x86)/microchip/xc32/v1.44/bin/bin/../../lib/gcc/pic32mx/4.8.3/../../../../pic32mx/lib\libpic32.a(_exit.o)
 .gnu.attributes
                0x00000340       0x10 c:/program files (x86)/microchip/xc32/v1.44/bin/bin/../../lib/gcc/pic32mx/4.8.3/../../../../pic32mx/lib\libpic32.a(isatty.o)
 .gnu.attributes
                0x00000350       0x10 c:/program files (x86)/microchip/xc32/v1.44/bin/bin/../../lib/gcc/pic32mx/4.8.3/../../../../pic32mx/lib\libpic32.a(_mon_getc.o)
 .gnu.attributes
                0x00000360       0x10 c:/program files (x86)/microchip/xc32/v1.44/bin/bin/../../lib/gcc/pic32mx/4.8.3/../../../../pic32mx/lib\libpic32.a(_mon_write.o)
 .gnu.attributes
                0x00000370       0x10 c:/program files (x86)/microchip/xc32/v1.44/bin/bin/../../lib/gcc/pic32mx/4.8.3/../../../../pic32mx/lib\libpic32.a(xc32_uart.o)
 .gnu.attributes
                0x00000380       0x10 c:/program files (x86)/microchip/xc32/v1.44/bin/bin/../../lib/gcc/pic32mx/4.8.3/../../../../pic32mx/lib\libpic32.a(_mon_putc.o)
LOAD c:/program files (x86)/microchip/xc32/v1.44/bin/bin/../../lib/gcc/pic32mx/4.8.3/../../../../pic32mx/lib/./proc/32MX795F512H\default_isr_vectors.o
LOAD c:/program files (x86)/microchip/xc32/v1.44/bin/bin/../../lib/gcc/pic32mx/4.8.3/../../../../pic32mx/lib\pic32_software_reset.o
LOAD c:/program files (x86)/microchip/xc32/v1.44/bin/bin/../../lib/gcc/pic32mx/4.8.3\libgcc.a
START GROUP
LOAD c:/program files (x86)/microchip/xc32/v1.44/bin/bin/../../lib/gcc/pic32mx/4.8.3/../../../../pic32mx/lib\libpic32.a
LOAD c:/program files (x86)/microchip/xc32/v1.44/bin/bin/../../lib/gcc/pic32mx/4.8.3/../../../../pic32mx/lib\libdebug.a
LOAD c:/program files (x86)/microchip/xc32/v1.44/bin/bin/../../lib/gcc/pic32mx/4.8.3/../../../../pic32mx/lib\libpic32.a
LOAD c:/program files (x86)/microchip/xc32/v1.44/bin/bin/../../lib/gcc/pic32mx/4.8.3/../../../../pic32mx/lib\liblega-c.a
LOAD c:/program files (x86)/microchip/xc32/v1.44/bin/bin/../../lib/gcc/pic32mx/4.8.3/../../../../pic32mx/lib\libm.a
LOAD c:/program files (x86)/microchip/xc32/v1.44/bin/bin/../../lib/gcc/pic32mx/4.8.3/../../../../pic32mx/lib\libe.a
LOAD c:/program files (x86)/microchip/xc32/v1.44/bin/bin/../../lib/gcc/pic32mx/4.8.3/../../../../pic32mx/lib\libdsp.a
LOAD c:/program files (x86)/microchip/xc32/v1.44/bin/bin/../../lib/gcc/pic32mx/4.8.3\libgcc.a
LOAD c:/program files (x86)/microchip/xc32/v1.44/bin/bin/../../lib/gcc/pic32mx/4.8.3/../../../../pic32mx/lib\libpic32.a
END GROUP
LOAD c:/program files (x86)/microchip/xc32/v1.44/bin/bin/../../lib/gcc/pic32mx/4.8.3\libgcc.a
OUTPUT(out.elf elf32-tradlittlemips)
LOAD stack
LOAD data_init

.stack          0xa0009348      0x400
 .stack         0xa0009348      0x400 stack

.data           0xa0008484      0x410
 .data          0xa0008484      0x410 c:/program files (x86)/microchip/xc32/v1.44/bin/bin/../../lib/gcc/pic32mx/4.8.3/../../../../pic32mx/lib\liblega-c.a(malloc.o)
                0xa0008484                malloc_sbrk_base
                0xa0008488                malloc_trim_threshold
                0xa000848c                malloc_av_

.bss            0xa0008898      0x1c0
 .bss           0xa0008898       0xe0 control.o
                0xa0008898                POSFa
                0xa00088a4                POSa
                0xa00088b0                NORFa
                0xa00088bc                NORa
                0xa00088c8                EFa
                0xa00088e8                Ea
                0xa0008908                LATFa
                0xa0008920                LATa
                0xa0008938                DFa
                0xa0008958                Da
 .bss           0xa0008978       0xe0 main.o

.bss            0xa0008a58      0x1c0
 .bss           0xa0008a58       0xe0 helpers.o
 .bss           0xa0008b38       0xe0 interrupts.o

.bss            0xa0008c18       0xe0
 .bss           0xa0008c18       0xe0 dsp.o

.data           0xa0008cf8      0x1b0
 .data          0xa0008cf8       0xd8 control.o
                0xa0008cf8                posfb
                0xa0008d08                posfa
                0xa0008d18                norfb
                0xa0008d24                norfa
                0xa0008d30                dfb
                0xa0008d48                dfa
                0xa0008d60                efb
                0xa0008d80                efa
                0xa0008da0                latfb
                0xa0008db8                latfa
 .data          0xa0008dd0       0xd8 main.o

.data           0xa0008ea8      0x1b0
 .data          0xa0008ea8       0xd8 helpers.o
 .data          0xa0008f80       0xd8 interrupts.o

.data           0xa0009058      0x1ac
 .data          0xa0009058       0xd8 dsp.o
 .data          0xa0009130       0xd4 c:/program files (x86)/microchip/xc32/v1.44/bin/bin/../../lib/gcc/pic32mx/4.8.3/../../../../pic32mx/lib\liblega-c.a(_iobdata.o)

.bss            0xa0009204       0xbc
 .bss           0xa0009204       0x88 c:/program files (x86)/microchip/xc32/v1.44/bin/bin/../../lib/gcc/pic32mx/4.8.3/../../../../pic32mx/lib\liblega-c.a(_iobdata.o)
 .bss           0xa000928c       0x34 c:/program files (x86)/microchip/xc32/v1.44/bin/bin/../../lib/gcc/pic32mx/4.8.3/../../../../pic32mx/lib\liblega-c.a(malloc.o)
                0xa000928c                malloc_current_mallinfo
                0xa00092b4                malloc_max_total_mem
                0xa00092b8                malloc_max_sbrked_mem
                0xa00092bc                malloc_top_pad

.data           0xa00092c0       0x24
 .data          0xa00092c0       0x24 c:/program files (x86)/microchip/xc32/v1.44/bin/bin/../../lib/gcc/pic32mx/4.8.3/../../../../pic32mx/lib\libm.a(sincof32.o)
                0xa00092c0                _sincof
                0xa00092d0                _coscof

.bss            0xa00092e4       0x24
 .bss           0xa00092e4       0x24 c:/program files (x86)/microchip/xc32/v1.44/bin/bin/../../lib/gcc/pic32mx/4.8.3/../../../../pic32mx/lib\libpic32.a(sbrk.o)
                0xa0009300                _maxbrk
                0xa0009304                _minbrk

.data           0xa0009308       0x20
 .data          0xa0009308       0x20 c:/program files (x86)/microchip/xc32/v1.44/bin/bin/../../lib/gcc/pic32mx/4.8.3/../../../../pic32mx/lib\liblega-c.a(fullexit.o)
                0xa0009308                __exfun_mx

.bss            0xa0008894        0x4
 .bss           0xa0008894        0x4 c:/program files (x86)/microchip/xc32/v1.44/bin/bin/../../lib/gcc/pic32mx/4.8.3/../../../../pic32mx/lib\liblega-c.a(stubs.o)
                0xa0008894                __isthreaded

.bss            0xa0009328        0x4
 .bss           0xa0009328        0x4 c:/program files (x86)/microchip/xc32/v1.44/bin/bin/../../lib/gcc/pic32mx/4.8.3/../../../../pic32mx/lib\liblega-c.a(_cleanup.o)
                0xa0009328                __cleanup

.mdebug.abi32   0x00000000        0x0
 .mdebug.abi32  0x00000000        0x0 c:/program files (x86)/microchip/xc32/v1.44/bin/bin/../../lib/gcc/pic32mx/4.8.3/../../../../pic32mx/lib\libpic32.a(_mon_putc.o)

.bss            0x00000000        0x0
 .bss           0x00000000        0x0 c:/program files (x86)/microchip/xc32/v1.44/bin/bin/../../lib/gcc/pic32mx/4.8.3/../../../../pic32mx/lib\libpic32.a(_mon_putc.o)

.data           0x00000000        0x0
 .data          0x00000000        0x0 c:/program files (x86)/microchip/xc32/v1.44/bin/bin/../../lib/gcc/pic32mx/4.8.3/../../../../pic32mx/lib\libpic32.a(_mon_putc.o)

.mdebug.abi32   0x00000000        0x0
 .mdebug.abi32  0x00000000        0x0 c:/program files (x86)/microchip/xc32/v1.44/bin/bin/../../lib/gcc/pic32mx/4.8.3/../../../../pic32mx/lib\libpic32.a(xc32_uart.o)

.bss            0x00000000        0x0
 .bss           0x00000000        0x0 c:/program files (x86)/microchip/xc32/v1.44/bin/bin/../../lib/gcc/pic32mx/4.8.3/../../../../pic32mx/lib\libpic32.a(xc32_uart.o)

.data           0x00000000        0x0
 .data          0x00000000        0x0 c:/program files (x86)/microchip/xc32/v1.44/bin/bin/../../lib/gcc/pic32mx/4.8.3/../../../../pic32mx/lib\libpic32.a(xc32_uart.o)

.mdebug.abi32   0x00000000        0x0
 .mdebug.abi32  0x00000000        0x0 c:/program files (x86)/microchip/xc32/v1.44/bin/bin/../../lib/gcc/pic32mx/4.8.3/../../../../pic32mx/lib\libpic32.a(_mon_write.o)

.bss            0x00000000        0x0
 .bss           0x00000000        0x0 c:/program files (x86)/microchip/xc32/v1.44/bin/bin/../../lib/gcc/pic32mx/4.8.3/../../../../pic32mx/lib\libpic32.a(_mon_write.o)

.data           0x00000000        0x0
 .data          0x00000000        0x0 c:/program files (x86)/microchip/xc32/v1.44/bin/bin/../../lib/gcc/pic32mx/4.8.3/../../../../pic32mx/lib\libpic32.a(_mon_write.o)

.mdebug.abi32   0x00000000        0x0
 .mdebug.abi32  0x00000000        0x0 c:/program files (x86)/microchip/xc32/v1.44/bin/bin/../../lib/gcc/pic32mx/4.8.3/../../../../pic32mx/lib\libpic32.a(_mon_getc.o)

.bss            0x00000000        0x0
 .bss           0x00000000        0x0 c:/program files (x86)/microchip/xc32/v1.44/bin/bin/../../lib/gcc/pic32mx/4.8.3/../../../../pic32mx/lib\libpic32.a(_mon_getc.o)

.data           0x00000000        0x0